Microchip MPLAB XC8 Compiler V1.45 ()

Linker command line:

--edf=/opt/microchip/xc8/v1.45/dat/en_msgs.txt -cs \
  -h+dist/default/production/thermo.X.production.sym \
  --cmf=dist/default/production/thermo.X.production.cmf -z -Q18F6585 \
  -o/tmp/xcXqcRI7Q -Mdist/default/production/thermo.X.production.map -E1 \
  -ver=XC8 -ASTACK=05C4h-0cffh -pstack=STACK -ACODE=00h-0BFFFh \
  -ACONST=00h-0BFFFh -ASMALLCONST=0D00h-0DFFhx179 \
  -AMEDIUMCONST=0D00h-0BFFFh -ACOMRAM=01h-05Fh -AABS1=00h-0CFFh \
  -ABIGRAM=01h-0CFFh -ARAM=060h-0FFh,0100h-01FFhx12 -ABANK0=060h-0FFh \
  -ABANK1=0100h-01FFh -ABANK2=0200h-02FFh -ABANK3=0300h-03FFh \
  -ABANK4=0400h-04FFh -ABANK5=0500h-05FFh -ABANK6=0600h-06FFh \
  -ABANK7=0700h-07FFh -ABANK8=0800h-08FFh -ABANK9=0900h-09FFh \
  -ABANK10=0A00h-0AFFh -ABANK11=0B00h-0BFFh -ABANK12=0C00h-0CFFh \
  -ASFR=0D00h-0DFFhx2,0F00h-0F5Fh,0F60h-0FFFh \
  -preset_vec=00h,intcode=08h,intcodelo,powerup,init -pramtop=0D00h \
  -psmallconst=SMALLCONST -pmediumconst=MEDIUMCONST -pconst=CONST \
  -AFARRAM=00h-00h -ACONFIG=0300000h-030000Dh -pconfig=CONFIG \
  -AIDLOC=0200000h-0200007h -pidloc=IDLOC -AEEDATA=0F00000h-0F003FFh \
  -peeprom_data=EEDATA \
  -prdata=COMRAM,nvrram=COMRAM,nvbit=COMRAM,rbss=COMRAM,rbit=COMRAM \
  -pfarbss=FARRAM,fardata=FARRAM,nvFARRAM=FARRAM \
  -pintsave_regs=BIGRAM,bigbss=BIGRAM,bigdata=BIGRAM -pbss=RAM \
  -pidata=CODE,irdata=CODE,ibigdata=CODE,ifardata=CODE -prparam=COMRAM \
  /tmp/xcX6oqA9S.obj dist/default/production/thermo.X.production.obj 

Object code version is 3.11

Machine type is 18F6585

Call graph: (short form)




                Name                               Link     Load   Length Selector   Space Scale
/tmp/xcX6oqA9S.obj
                text                                CDE      CDE        2      66F       0
                init                                 C6       C6        4        4       0
                reset_vec                             0        0        4        0       0
                idloc                            200000   200000        8   200000       0
                config                           300000   300000        E   300000       0
dist/default/production/thermo.X.production.obj
                intcode                               8        8       BE        4       0
                temp                                 4D       4D        1        1       1
                mediumconst                        BEAA     BEAA      156     5F55       0
                text14                              8A4      8A4       98        4       0
                text13                              C68      C68       32        4       0
                text12                              CBA      CBA       16        4       0
                text11                              32A      32A      22E        4       0
                text10                              9CC      9CC       90        4       0
                text9                               A5C      A5C       74        4       0
                text8                               BF6      BF6       3A        4       0
                text7                                CA       CA      260        4       0
                text6                               C9A      C9A       20        4       0
                text5                               C30      C30       38        4       0
                text4                               7E6      7E6       BE        4       0
                text3                               B3C      B3C       62        4       0
                text2                               558      558      176        4       0
                text1                               B9E      B9E       58        4       0
                text0                               6CE      6CE      118        4       0
                cstackCOMRAM                          1        1       2C        1       1
                cstackBANK0                          CC       CC        9       60       1
                cstackBANK1                         100      100       B5      100       1
                bssBIGRAM                           1C4      1C4      400      1C4       1
                dataBANK1                           1B5      1B5        B      100       1
                bssBANK1                            1C0      1C0        4      100       1
                dataBANK0                            60       60       6C       60       1
                dataCOMRAM                           4B       4B        2        1       1
                bssCOMRAM                            2D       2D       1C        1       1
                cinit                               93C      93C       90        4       0
                nvCOMRAM                             49       49        2        1       1
                idataBANK1                          CD0      CD0        B        4       0
                idataBANK0                          AD0      AD0       6C        4       0
                idataCOMRAM                         CDB      CDB        2        4       0

TOTAL           Name                               Link     Load   Length     Space
        CLASS   STACK          

        CLASS   CODE           
                intcode                               8        8       BE         0
                text                                CDE      CDE        2         0
                init                                 C6       C6        4         0
                reset_vec                             0        0        4         0
                text14                              8A4      8A4       98         0
                text13                              C68      C68       32         0
                text12                              CBA      CBA       16         0
                text11                              32A      32A      22E         0
                text10                              9CC      9CC       90         0
                text9                               A5C      A5C       74         0
                text8                               BF6      BF6       3A         0
                text7                                CA       CA      260         0
                text6                               C9A      C9A       20         0
                text5                               C30      C30       38         0
                text4                               7E6      7E6       BE         0
                text3                               B3C      B3C       62         0
                text2                               558      558      176         0
                text1                               B9E      B9E       58         0
                text0                               6CE      6CE      118         0
                cinit                               93C      93C       90         0
                idataBANK1                          CD0      CD0        B         0
                idataBANK0                          AD0      AD0       6C         0
                idataCOMRAM                         CDB      CDB        2         0

        CLASS   CONST          

        CLASS   SMALLCONST     

        CLASS   MEDIUMCONST    
                mediumconst                        BEAA     BEAA      156         0

        CLASS   COMRAM         
                temp                                 4D       4D        1         1
                cstackCOMRAM                          1        1       2C         1
                dataCOMRAM                           4B       4B        2         1
                bssCOMRAM                            2D       2D       1C         1
                nvCOMRAM                             49       49        2         1

        CLASS   ABS1           

        CLASS   BIGRAM         
                bssBIGRAM                           1C4      1C4      400         1

        CLASS   RAM            

        CLASS   BANK0          
                cstackBANK0                          CC       CC        9         1
                dataBANK0                            60       60       6C         1

        CLASS   BANK1          
                cstackBANK1                         100      100       B5         1
                dataBANK1                           1B5      1B5        B         1
                bssBANK1                            1C0      1C0        4         1

        CLASS   BANK2          

        CLASS   BANK3          

        CLASS   BANK4          

        CLASS   BANK5          

        CLASS   BANK6          

        CLASS   BANK7          

        CLASS   BANK8          

        CLASS   BANK9          

        CLASS   BANK10         

        CLASS   BANK11         

        CLASS   BANK12         

        CLASS   SFR            

        CLASS   FARRAM         

        CLASS   CONFIG         
                config                           300000   300000        E         0

        CLASS   IDLOC          
                idloc                            200000   200000        8         0

        CLASS   EEDATA         



SEGMENTS        Name                           Load    Length   Top    Selector   Space  Class

                reset_vec                      000000  000004  000004         0       0  CODE    
                cstackCOMRAM                   000001  00004D  00004E         1       1  COMRAM  
                intcode                        000008  000CD5  000CDD         4       0  CODE    
                dataBANK0                      000060  000075  0000D5        60       1  BANK0   
                cstackBANK1                    000100  0000C4  0001C4       100       1  BANK1   
                bssBIGRAM                      0001C4  000400  0005C4       1C4       1  BIGRAM  
                text                           000CDE  000002  000CE0       66F       0  CODE    
                mediumconst                    00BEAA  000156  00C000      5F55       0  MEDIUMCO
                idloc                          200000  000008  200008    200000       0  IDLOC   
                config                         300000  00000E  30000E    300000       0  CONFIG  


UNUSED ADDRESS RANGES

        Name                Unused          Largest block    Delta
        BANK0            0000D5-0000FF               2B
        BANK10           000A00-000AFF              100
        BANK11           000B00-000BFF              100
        BANK12           000C00-000CFF              100
        BANK5            0005C4-0005FF               3C
        BANK6            000600-0006FF              100
        BANK7            000700-0007FF              100
        BANK8            000800-0008FF              100
        BANK9            000900-0009FF              100
        BIGRAM           00004E-00005F               12
                         0000D5-0000FF               2B
                         0005C4-000CFF              73C
        CODE             000004-000007                4
                         000CDD-000CDD                1
                         000CE0-00BEA9             B1CA
        COMRAM           00004E-00005F               12
        CONST            000004-000007                4
                         000CDD-000CDD                1
                         000CE0-00BEA9             B1CA
        EEDATA           F00000-F003FF              400
        MEDIUMCONST      000D00-00BEA9             B1AA
        RAM              0000D5-0000FF               2B
                         0005C4-000CFF              100
        SFR              000D00-000FFF              100
        SMALLCONST       000D00-00BEA9              100
        STACK            0005C4-000CFF              73C

                                  Symbol Table

?___awdiv                                                      cstackCOMRAM 000013
?___lldiv                                                      cstackCOMRAM 000013
?___llmod                                                      cstackCOMRAM 000020
_ADCON1                                                        (abs)        000FC1
_BAUDCTL                                                       (abs)        000F7E
_CCP2CON                                                       (abs)        000FBA
_CCPR2H                                                        (abs)        000FBC
_CCPR2L                                                        (abs)        000FBB
_INTCON2bits                                                   (abs)        000FF1
_INTCONbits                                                    (abs)        000FF2
_LATA                                                          (abs)        000F89
_LATBbits                                                      (abs)        000F8A
_LATC                                                          (abs)        000F8B
_LATDbits                                                      (abs)        000F8C
_LATF                                                          (abs)        000F8E
_LATG                                                          (abs)        000F8F
_PACKET_KEY                                                    mediumconst  00BFBF
_PIE1bits                                                      (abs)        000F9D
_PIR1bits                                                      (abs)        000F9E
_PIR2bits                                                      (abs)        000FA1
_PORTBbits                                                     (abs)        000F81
_RCREG                                                         (abs)        000FAE
_RCSTA                                                         (abs)        000FAB
_SPBRG                                                         (abs)        000FAF
_SPBRGH                                                        (abs)        000F7F
_T1CON                                                         (abs)        000FCD
_TRISA                                                         (abs)        000F92
_TRISBbits                                                     (abs)        000F93
_TRISC                                                         (abs)        000F94
_TRISDbits                                                     (abs)        000F95
_TRISF                                                         (abs)        000F97
_TRISG                                                         (abs)        000F98
_TXREG                                                         (abs)        000FAD
_TXSTA                                                         (abs)        000FAC
__CFG_LVP$OFF                                                  (abs)        000000
__CFG_OSC$HS                                                   (abs)        000000
__HRAM                                                         (abs)        000000
__Habs1                                                        abs1         000000
__Hbank0                                                       bank0        000000
__Hbank1                                                       bank1        000000
__Hbank10                                                      bank10       000000
__Hbank11                                                      bank11       000000
__Hbank12                                                      bank12       000000
__Hbank2                                                       bank2        000000
__Hbank3                                                       bank3        000000
__Hbank4                                                       bank4        000000
__Hbank5                                                       bank5        000000
__Hbank6                                                       bank6        000000
__Hbank7                                                       bank7        000000
__Hbank8                                                       bank8        000000
__Hbank9                                                       bank9        000000
__Hbigbss                                                      bigbss       000000
__Hbigdata                                                     bigdata      000000
__Hbigram                                                      bigram       000000
__Hbss                                                         bss          000000
__HbssBANK1                                                    bssBANK1     000000
__HbssBIGRAM                                                   bssBIGRAM    000000
__HbssCOMRAM                                                   bssCOMRAM    000000
__Hcinit                                                       cinit        000000
__Hclrtext                                                     clrtext      000000
__Hcomram                                                      comram       000000
__Hconfig                                                      config       30000E
__Hconst                                                       const        000000
__HcstackBANK0                                                 cstackBANK0  000000
__HcstackBANK1                                                 cstackBANK1  000000
__HcstackCOMRAM                                                cstackCOMRAM 000000
__Hdata                                                        data         000000
__HdataBANK0                                                   dataBANK0    000000
__HdataBANK1                                                   dataBANK1    000000
__HdataCOMRAM                                                  dataCOMRAM   000000
__Heeprom_data                                                 eeprom_data  000000
__Hfarbss                                                      farbss       000000
__Hfardata                                                     fardata      000000
__Hibigdata                                                    ibigdata     000000
__Hidata                                                       idata        000000
__HidataBANK0                                                  idataBANK0   000000
__HidataBANK1                                                  idataBANK1   000000
__HidataCOMRAM                                                 idataCOMRAM  000000
__Hidloc                                                       idloc        200008
__Hifardata                                                    ifardata     000000
__Hinit                                                        init         0000CA
__Hintcode                                                     intcode      0000C6
__Hintcode_body                                                intcode_body 000000
__Hintcodelo                                                   intcodelo    0000C6
__Hintentry                                                    intentry     000000
__Hintret                                                      intret       000000
__Hintsave_regs                                                intsave_regs 000000
__Hirdata                                                      irdata       000000
__Hmediumconst                                                 mediumconst  00C000
__HnvCOMRAM                                                    nvCOMRAM     000000
__HnvFARRAM                                                    nvFARRAM     000000
__Hnvbit                                                       nvbit        000000
__Hnvrram                                                      nvrram       000000
__Hparam                                                       rparam       000000
__Hpowerup                                                     powerup      0000C6
__Hram                                                         ram          000000
__Hramtop                                                      ramtop       000D00
__Hrbit                                                        rbit         000000
__Hrbss                                                        rbss         000000
__Hrdata                                                       rdata        000000
__Hreset_vec                                                   reset_vec    000004
__Hrparam                                                      rparam       000000
__Hsfr                                                         sfr          000000
__Hsmallconst                                                  smallconst   000000
__Hspace_0                                                     (abs)        30000E
__Hspace_1                                                     (abs)        0005C4
__Hspace_2                                                     (abs)        000000
__Hstack                                                       stack        000000
__Hstruct                                                      struct       000000
__Htemp                                                        temp         00004E
__Htext                                                        text         000000
__Htext0                                                       text0        000000
__Htext1                                                       text1        000000
__Htext10                                                      text10       000000
__Htext11                                                      text11       000000
__Htext12                                                      text12       000000
__Htext13                                                      text13       000000
__Htext14                                                      text14       000000
__Htext2                                                       text2        000000
__Htext3                                                       text3        000000
__Htext4                                                       text4        000000
__Htext5                                                       text5        000000
__Htext6                                                       text6        000000
__Htext7                                                       text7        000000
__Htext8                                                       text8        000000
__Htext9                                                       text9        000000
__LRAM                                                         (abs)        000001
__Labs1                                                        abs1         000000
__Lbank0                                                       bank0        000000
__Lbank1                                                       bank1        000000
__Lbank10                                                      bank10       000000
__Lbank11                                                      bank11       000000
__Lbank12                                                      bank12       000000
__Lbank2                                                       bank2        000000
__Lbank3                                                       bank3        000000
__Lbank4                                                       bank4        000000
__Lbank5                                                       bank5        000000
__Lbank6                                                       bank6        000000
__Lbank7                                                       bank7        000000
__Lbank8                                                       bank8        000000
__Lbank9                                                       bank9        000000
__Lbigbss                                                      bigbss       000000
__Lbigdata                                                     bigdata      000000
__Lbigram                                                      bigram       000000
__Lbss                                                         bss          000000
__LbssBANK1                                                    bssBANK1     000000
__LbssBIGRAM                                                   bssBIGRAM    000000
__LbssCOMRAM                                                   bssCOMRAM    000000
__Lcinit                                                       cinit        000000
__Lclrtext                                                     clrtext      000000
__Lcomram                                                      comram       000000
__Lconfig                                                      config       300000
__Lconst                                                       const        000000
__LcstackBANK0                                                 cstackBANK0  000000
__LcstackBANK1                                                 cstackBANK1  000000
__LcstackCOMRAM                                                cstackCOMRAM 000000
__Ldata                                                        data         000000
__LdataBANK0                                                   dataBANK0    000000
__LdataBANK1                                                   dataBANK1    000000
__LdataCOMRAM                                                  dataCOMRAM   000000
__Leeprom_data                                                 eeprom_data  000000
__Lfarbss                                                      farbss       000000
__Lfardata                                                     fardata      000000
__Libigdata                                                    ibigdata     000000
__Lidata                                                       idata        000000
__LidataBANK0                                                  idataBANK0   000000
__LidataBANK1                                                  idataBANK1   000000
__LidataCOMRAM                                                 idataCOMRAM  000000
__Lidloc                                                       idloc        200000
__Lifardata                                                    ifardata     000000
__Linit                                                        init         0000C6
__Lintcode                                                     intcode      000008
__Lintcode_body                                                intcode_body 000000
__Lintcodelo                                                   intcodelo    0000C6
__Lintentry                                                    intentry     000000
__Lintret                                                      intret       000000
__Lintsave_regs                                                intsave_regs 000000
__Lirdata                                                      irdata       000000
__Lmediumconst                                                 mediumconst  00BEAA
__LnvCOMRAM                                                    nvCOMRAM     000000
__LnvFARRAM                                                    nvFARRAM     000000
__Lnvbit                                                       nvbit        000000
__Lnvrram                                                      nvrram       000000
__Lparam                                                       rparam       000000
__Lpowerup                                                     powerup      0000C6
__Lram                                                         ram          000000
__Lramtop                                                      ramtop       000D00
__Lrbit                                                        rbit         000000
__Lrbss                                                        rbss         000000
__Lrdata                                                       rdata        000000
__Lreset_vec                                                   reset_vec    000000
__Lrparam                                                      rparam       000000
__Lsfr                                                         sfr          000000
__Lsmallconst                                                  smallconst   000000
__Lspace_0                                                     (abs)        000000
__Lspace_1                                                     (abs)        000000
__Lspace_2                                                     (abs)        000000
__Lstack                                                       stack        000000
__Lstruct                                                      struct       000000
__Ltemp                                                        temp         00004D
__Ltext                                                        text         000000
__Ltext0                                                       text0        000000
__Ltext1                                                       text1        000000
__Ltext10                                                      text10       000000
__Ltext11                                                      text11       000000
__Ltext12                                                      text12       000000
__Ltext13                                                      text13       000000
__Ltext14                                                      text14       000000
__Ltext2                                                       text2        000000
__Ltext3                                                       text3        000000
__Ltext4                                                       text4        000000
__Ltext5                                                       text5        000000
__Ltext6                                                       text6        000000
__Ltext7                                                       text7        000000
__Ltext8                                                       text8        000000
__Ltext9                                                       text9        000000
__S0                                                           (abs)        30000E
__S1                                                           (abs)        0005C4
__S2                                                           (abs)        000000
___awdiv                                                       text14       0008A4
___awdiv@counter                                               cstackCOMRAM 000017
___awdiv@dividend                                              cstackCOMRAM 000013
___awdiv@divisor                                               cstackCOMRAM 000015
___awdiv@quotient                                              cstackCOMRAM 000019
___awdiv@sign                                                  cstackCOMRAM 000018
___inthi_sp                                                    stack        000000
___intlo_sp                                                    stack        000000
___lbmod                                                       text13       000C68
___lbmod@counter                                               cstackCOMRAM 000015
___lbmod@dividend                                              cstackCOMRAM 000014
___lbmod@divisor                                               cstackCOMRAM 000013
___lbmod@rem                                                   cstackCOMRAM 000016
___lldiv                                                       text10       0009CC
___lldiv@counter                                               cstackCOMRAM 00001F
___lldiv@dividend                                              cstackCOMRAM 000013
___lldiv@divisor                                               cstackCOMRAM 000017
___lldiv@quotient                                              cstackCOMRAM 00001B
___llmod                                                       text9        000A5C
___llmod@counter                                               cstackCOMRAM 000028
___llmod@dividend                                              cstackCOMRAM 000020
___llmod@divisor                                               cstackCOMRAM 000024
___param_bank                                                  (abs)        000000
___rparam_used                                                 (abs)        000001
___sp                                                          stack        000000
__accesstop                                                    (abs)        000060
__activetblptr                                                 (abs)        000002
__cntErrataNOP_/tmp/xcX6oqA9S.obj                              (abs)        000001
__cntErrataNOP_dist/default/production/thermo.X.production.obj (abs)        00006A
__end_of_PACKET_KEY                                            mediumconst  00BFCF
__end_of___awdiv                                               text14       00093C
__end_of___lbmod                                               text13       000C9A
__end_of___lldiv                                               text10       000A5C
__end_of___llmod                                               text9        000AD0
__end_of__initialization                                       cinit        0009BE
__end_of_draw_degrees                                          text11       000558
__end_of_get_key                                               text3        000B9E
__end_of_get_temp                                              text4        0008A4
__end_of_handle_test                                           text2        0006CE
__end_of_handle_thermo                                         text1        000BF6
__end_of_hex_table                                             mediumconst  00BFBF
__end_of_invalid_mask                                          mediumconst  00BFD7
__end_of_isr                                                   intcode      0000C6
__end_of_led_masks1                                            mediumconst  00BFD3
__end_of_led_masks2                                            mediumconst  00BFAF
__end_of_led_masks3                                            mediumconst  00BF87
__end_of_main                                                  text0        0007E6
__end_of_print_byte                                            text8        000C30
__end_of_print_number                                          text6        000CBA
__end_of_print_number_nospace                                  text7        00032A
__end_of_print_text                                            text5        000C68
__end_of_write_leds                                            text12       000CD0
__end_ofhandle_test@F13104                                     mediumconst  00BF5F
__initialization                                               cinit        00093C
__mediumconst                                                  mediumconst  00BEAA
__pbssBANK1                                                    bssBANK1     0001C0
__pbssBIGRAM                                                   bssBIGRAM    0001C4
__pbssCOMRAM                                                   bssCOMRAM    00002D
__pcinit                                                       cinit        00093C
__pcstackBANK0                                                 cstackBANK0  0000CC
__pcstackBANK1                                                 cstackBANK1  000100
__pcstackCOMRAM                                                cstackCOMRAM 000001
__pdataBANK0                                                   dataBANK0    000060
__pdataBANK1                                                   dataBANK1    0001B5
__pdataCOMRAM                                                  dataCOMRAM   00004B
__pidataBANK0                                                  idataBANK0   000AD0
__pidataBANK1                                                  idataBANK1   000CD0
__pidataCOMRAM                                                 idataCOMRAM  000CDB
__pintcode                                                     intcode      000008
__pmediumconst                                                 mediumconst  00BEAA
__pnvCOMRAM                                                    nvCOMRAM     000049
__ptext0                                                       text0        0006CE
__ptext1                                                       text1        000B9E
__ptext10                                                      text10       0009CC
__ptext11                                                      text11       00032A
__ptext12                                                      text12       000CBA
__ptext13                                                      text13       000C68
__ptext14                                                      text14       0008A4
__ptext2                                                       text2        000558
__ptext3                                                       text3        000B3C
__ptext4                                                       text4        0007E6
__ptext5                                                       text5        000C30
__ptext6                                                       text6        000C9A
__ptext7                                                       text7        0000CA
__ptext8                                                       text8        000BF6
__ptext9                                                       text9        000A5C
__ramtop                                                       ramtop       000D00
__size_of___awdiv                                              (abs)        000000
__size_of___lbmod                                              (abs)        000000
__size_of___lldiv                                              (abs)        000000
__size_of___llmod                                              (abs)        000000
__size_of_draw_degrees                                         (abs)        000000
__size_of_get_key                                              (abs)        000000
__size_of_get_temp                                             (abs)        000000
__size_of_handle_test                                          (abs)        000000
__size_of_handle_thermo                                        (abs)        000000
__size_of_isr                                                  (abs)        000000
__size_of_main                                                 (abs)        000000
__size_of_print_byte                                           (abs)        000000
__size_of_print_number                                         (abs)        000000
__size_of_print_number_nospace                                 (abs)        000000
__size_of_print_text                                           (abs)        000000
__size_of_write_leds                                           (abs)        000000
__smallconst                                                   smallconst   000000
_adc_accum                                                     bssCOMRAM    000035
_adc_count                                                     bssCOMRAM    000031
_data_offset                                                   bssCOMRAM    000045
_degrees                                                       dataCOMRAM   00004C
_draw_degrees                                                  text11       00032A
_get_key                                                       text3        000B3C
_get_temp                                                      text4        0007E6
_handle_serial                                                 nvCOMRAM     000049
_handle_test                                                   text2        000558
_handle_thermo                                                 text1        000B9E
_have_serial                                                   bssCOMRAM    000048
_hex_table                                                     mediumconst  00BFAF
_interrupt_done                                                bssCOMRAM    00003F
_invalid                                                       dataCOMRAM   00004B
_invalid_mask                                                  mediumconst  00BFD3
_isr                                                           intcode      000008
_key_offset                                                    bssCOMRAM    000046
_led_mask0                                                     bssCOMRAM    000043
_led_mask1                                                     bssCOMRAM    000042
_led_mask2                                                     bssCOMRAM    000041
_led_mask3                                                     bssCOMRAM    000040
_led_masks1                                                    mediumconst  00BFCF
_led_masks2                                                    mediumconst  00BF87
_led_masks3                                                    mediumconst  00BF5F
_main                                                          text0        0006CE
_print_byte                                                    text8        000BF6
_print_number                                                  text6        000C9A
_print_number_nospace                                          text7        0000CA
_print_text                                                    text5        000C30
_serial_data                                                   bssCOMRAM    00002D
_serial_in                                                     bssCOMRAM    000047
_temp_table                                                    dataBANK0    000060
_test_state                                                    bssBANK1     0001C3
_time_hz                                                       bssBANK1     0001C0
_timeout_counter                                               bssCOMRAM    000044
_uart_buffer                                                   bssBIGRAM    0001C4
_uart_position1                                                bssCOMRAM    00003B
_uart_position2                                                bssCOMRAM    000039
_uart_size                                                     bssCOMRAM    00003D
_write_leds                                                    text12       000CBA
btemp                                                          temp         00004D
draw_degrees@force                                             cstackCOMRAM 00001F
draw_degrees@index                                             cstackCOMRAM 000020
draw_degrees@temp                                              cstackCOMRAM 00001D
end_of_initialization                                          cinit        0009BE
get_temp@failed                                                cstackBANK0  0000D1
get_temp@i                                                     cstackBANK0  0000D2
handle_test@F13104                                             mediumconst  00BEAB
handle_test@test_index                                         bssBANK1     0001C2
handle_test@test_mask                                          cstackBANK1  000100
handle_test@test_mask_size                                     cstackBANK1  0001B4
handle_test@test_table                                         dataBANK1    0001B5
int$flags                                                      temp         00004D
intlevel0                                                      text         000CDE
intlevel1                                                      text         000CDE
intlevel2                                                      text         000CDE
intlevel3                                                      text         000CDE
main@i                                                         cstackBANK0  0000D3
print_byte@c                                                   cstackCOMRAM 000013
print_number@number                                            cstackBANK0  0000CC
print_number_nospace@number                                    cstackCOMRAM 000029
print_text@s                                                   cstackCOMRAM 000014
stackhi                                                        (abs)        000CFF
stacklo                                                        (abs)        0005C4
start                                                          init         0000C6
start_initialization                                           cinit        00093C
wtemp6                                                         temp         00004E


FUNCTION INFORMATION:

 *************** function _main *****************
 Defined at:
		line 765 in file "thermo.c"
 Parameters:    Size  Location     Type
		None
 Auto vars:     Size  Location     Type
  i               2    7[BANK0 ] unsigned int 
 Return value:  Size  Location     Type
                  1    wreg      void 
 Registers used:
		wreg, fsr2l, fsr2h, status,2, status,0, pclath, tosl, tblptrl, tblptrh, tblptru, prodl, prodh, cstack
 Tracked objects:
		On entry : 
		On exit  : 
		Unchanged: 
 Data sizes:     COMRAM   BANK0   BANK1   BANK2   BANK3   BANK4   BANK5   BANK6   BANK7   BANK8   BANK9  BANK10  BANK11  BANK12
      Params:         0       0       0       0       0       0       0       0       0       0       0       0       0       0
      Locals:         0       2       0       0       0       0       0       0       0       0       0       0       0       0
      Temps:          0       0       0       0       0       0       0       0       0       0       0       0       0       0
      Totals:         0       2       0       0       0       0       0       0       0       0       0       0       0       0
Total ram usage:        2 bytes
 Hardware stack levels required when called:    5
 This function calls:
		Absolute function
		_get_key
		_get_temp
		_handle_test
		_handle_thermo
		_print_text
 This function is called by:
		Startup code after reset
 This function uses a non-reentrant model


 *************** function _handle_thermo *****************
 Defined at:
		line 572 in file "thermo.c"
 Parameters:    Size  Location     Type
		None
 Auto vars:     Size  Location     Type
		None
 Return value:  Size  Location     Type
                  1    wreg      void 
 Registers used:
		wreg, status,2, status,0, tblptrl, tblptrh, tblptru, prodl, prodh, cstack
 Tracked objects:
		On entry : 
		On exit  : 
		Unchanged: 
 Data sizes:     COMRAM   BANK0   BANK1   BANK2   BANK3   BANK4   BANK5   BANK6   BANK7   BANK8   BANK9  BANK10  BANK11  BANK12
      Params:         0       0       0       0       0       0       0       0       0       0       0       0       0       0
      Locals:         0       0       0       0       0       0       0       0       0       0       0       0       0       0
      Temps:          0       0       0       0       0       0       0       0       0       0       0       0       0       0
      Totals:         0       0       0       0       0       0       0       0       0       0       0       0       0       0
Total ram usage:        0 bytes
 Hardware stack levels used:    1
 Hardware stack levels required when called:    3
 This function calls:
		_draw_degrees
 This function is called by:
		_main
 This function uses a non-reentrant model


 *************** function _handle_test *****************
 Defined at:
		line 435 in file "thermo.c"
 Parameters:    Size  Location     Type
		None
 Auto vars:     Size  Location     Type
  test_mask     180    0[BANK1 ] const unsigned char [4][
  test_mask_si    1  180[BANK1 ] const unsigned char 
 Return value:  Size  Location     Type
                  1    wreg      void 
 Registers used:
		wreg, fsr2l, fsr2h, status,2, status,0, tblptrl, tblptrh, tblptru, prodl, prodh, cstack
 Tracked objects:
		On entry : 
		On exit  : 
		Unchanged: 
 Data sizes:     COMRAM   BANK0   BANK1   BANK2   BANK3   BANK4   BANK5   BANK6   BANK7   BANK8   BANK9  BANK10  BANK11  BANK12
      Params:         0       0       0       0       0       0       0       0       0       0       0       0       0       0
      Locals:         0       0     181       0       0       0       0       0       0       0       0       0       0       0
      Temps:          0       0       0       0       0       0       0       0       0       0       0       0       0       0
      Totals:         0       0     181       0       0       0       0       0       0       0       0       0       0       0
Total ram usage:      181 bytes
 Hardware stack levels used:    1
 Hardware stack levels required when called:    3
 This function calls:
		_draw_degrees
		_write_leds
 This function is called by:
		_main
 This function uses a non-reentrant model


 *************** function _get_key *****************
 Defined at:
		line 712 in file "thermo.c"
 Parameters:    Size  Location     Type
		None
 Auto vars:     Size  Location     Type
		None
 Return value:  Size  Location     Type
                  1    wreg      void 
 Registers used:
		wreg, status,2, status,0, tblptrl, tblptrh, tblptru, prodl, prodh
 Tracked objects:
		On entry : 
		On exit  : 
		Unchanged: 
 Data sizes:     COMRAM   BANK0   BANK1   BANK2   BANK3   BANK4   BANK5   BANK6   BANK7   BANK8   BANK9  BANK10  BANK11  BANK12
      Params:         0       0       0       0       0       0       0       0       0       0       0       0       0       0
      Locals:         0       0       0       0       0       0       0       0       0       0       0       0       0       0
      Temps:          0       0       0       0       0       0       0       0       0       0       0       0       0       0
      Totals:         0       0       0       0       0       0       0       0       0       0       0       0       0       0
Total ram usage:        0 bytes
 Hardware stack levels used:    1
 Hardware stack levels required when called:    1
 This function calls:
		Nothing
 This function is called by:
		_get_temp
		_main
 This function uses a non-reentrant model


 *************** function _get_temp *****************
 Defined at:
		line 667 in file "thermo.c"
 Parameters:    Size  Location     Type
		None
 Auto vars:     Size  Location     Type
  i               1    6[BANK0 ] unsigned char 
  failed          1    5[BANK0 ] unsigned char 
 Return value:  Size  Location     Type
                  1    wreg      void 
 Registers used:
		wreg, fsr2l, fsr2h, status,2, status,0, tblptrl, tblptrh, tblptru, prodl, prodh, cstack
 Tracked objects:
		On entry : 
		On exit  : 
		Unchanged: 
 Data sizes:     COMRAM   BANK0   BANK1   BANK2   BANK3   BANK4   BANK5   BANK6   BANK7   BANK8   BANK9  BANK10  BANK11  BANK12
      Params:         0       0       0       0       0       0       0       0       0       0       0       0       0       0
      Locals:         0       2       0       0       0       0       0       0       0       0       0       0       0       0
      Temps:          0       1       0       0       0       0       0       0       0       0       0       0       0       0
      Totals:         0       3       0       0       0       0       0       0       0       0       0       0       0       0
Total ram usage:        3 bytes
 Hardware stack levels used:    1
 Hardware stack levels required when called:    4
 This function calls:
		_draw_degrees
		_print_byte
		_print_number
		_print_text
 This function is called by:
		_get_key
		_main
 This function uses a non-reentrant model


 *************** function _print_text *****************
 Defined at:
		line 282 in file "thermo.c"
 Parameters:    Size  Location     Type
  s               2   19[COMRAM] PTR const unsigned char 
		 -> STR_4(2), STR_3(26), STR_2(3), STR_1(10), 
 Auto vars:     Size  Location     Type
		None
 Return value:  Size  Location     Type
                  1    wreg      void 
 Registers used:
		wreg, fsr2l, fsr2h, status,2, status,0, tblptrl, tblptrh, tblptru, cstack
 Tracked objects:
		On entry : 
		On exit  : 
		Unchanged: 
 Data sizes:     COMRAM   BANK0   BANK1   BANK2   BANK3   BANK4   BANK5   BANK6   BANK7   BANK8   BANK9  BANK10  BANK11  BANK12
      Params:         2       0       0       0       0       0       0       0       0       0       0       0       0       0
      Locals:         0       0       0       0       0       0       0       0       0       0       0       0       0       0
      Temps:          0       0       0       0       0       0       0       0       0       0       0       0       0       0
      Totals:         2       0       0       0       0       0       0       0       0       0       0       0       0       0
Total ram usage:        2 bytes
 Hardware stack levels used:    1
 Hardware stack levels required when called:    2
 This function calls:
		_print_byte
 This function is called by:
		_get_temp
		_main
 This function uses a non-reentrant model


 *************** function _print_number *****************
 Defined at:
		line 310 in file "thermo.c"
 Parameters:    Size  Location     Type
  number          4    0[BANK0 ] unsigned long 
 Auto vars:     Size  Location     Type
		None
 Return value:  Size  Location     Type
                  1    wreg      void 
 Registers used:
		wreg, fsr2l, fsr2h, status,2, status,0, cstack
 Tracked objects:
		On entry : 
		On exit  : 
		Unchanged: 
 Data sizes:     COMRAM   BANK0   BANK1   BANK2   BANK3   BANK4   BANK5   BANK6   BANK7   BANK8   BANK9  BANK10  BANK11  BANK12
      Params:         0       4       0       0       0       0       0       0       0       0       0       0       0       0
      Locals:         0       0       0       0       0       0       0       0       0       0       0       0       0       0
      Temps:          0       0       0       0       0       0       0       0       0       0       0       0       0       0
      Totals:         0       4       0       0       0       0       0       0       0       0       0       0       0       0
Total ram usage:        4 bytes
 Hardware stack levels used:    1
 Hardware stack levels required when called:    3
 This function calls:
		_print_byte
		_print_number_nospace
 This function is called by:
		_get_temp
 This function uses a non-reentrant model


 *************** function _print_number_nospace *****************
 Defined at:
		line 292 in file "thermo.c"
 Parameters:    Size  Location     Type
  number          4   40[COMRAM] unsigned long 
 Auto vars:     Size  Location     Type
		None
 Return value:  Size  Location     Type
                  1    wreg      void 
 Registers used:
		wreg, fsr2l, fsr2h, status,2, status,0, cstack
 Tracked objects:
		On entry : 
		On exit  : 
		Unchanged: 
 Data sizes:     COMRAM   BANK0   BANK1   BANK2   BANK3   BANK4   BANK5   BANK6   BANK7   BANK8   BANK9  BANK10  BANK11  BANK12
      Params:         4       0       0       0       0       0       0       0       0       0       0       0       0       0
      Locals:         0       0       0       0       0       0       0       0       0       0       0       0       0       0
      Temps:          0       0       0       0       0       0       0       0       0       0       0       0       0       0
      Totals:         4       0       0       0       0       0       0       0       0       0       0       0       0       0
Total ram usage:        4 bytes
 Hardware stack levels used:    1
 Hardware stack levels required when called:    2
 This function calls:
		___lldiv
		___llmod
		_print_byte
 This function is called by:
		_print_number
 This function uses a non-reentrant model


 *************** function _print_byte *****************
 Defined at:
		line 269 in file "thermo.c"
 Parameters:    Size  Location     Type
  c               1    wreg     unsigned char 
 Auto vars:     Size  Location     Type
  c               1   18[COMRAM] unsigned char 
 Return value:  Size  Location     Type
                  1    wreg      void 
 Registers used:
		wreg, fsr2l, fsr2h, status,2, status,0
 Tracked objects:
		On entry : 
		On exit  : 
		Unchanged: 
 Data sizes:     COMRAM   BANK0   BANK1   BANK2   BANK3   BANK4   BANK5   BANK6   BANK7   BANK8   BANK9  BANK10  BANK11  BANK12
      Params:         0       0       0       0       0       0       0       0       0       0       0       0       0       0
      Locals:         1       0       0       0       0       0       0       0       0       0       0       0       0       0
      Temps:          0       0       0       0       0       0       0       0       0       0       0       0       0       0
      Totals:         1       0       0       0       0       0       0       0       0       0       0       0       0       0
Total ram usage:        1 bytes
 Hardware stack levels used:    1
 Hardware stack levels required when called:    1
 This function calls:
		Nothing
 This function is called by:
		_print_text
		_print_number_nospace
		_print_number
		_get_temp
		_print_number2
		_print_hex2
		_print_bin_nospace
		_dump_leds
 This function uses a non-reentrant model


 *************** function ___llmod *****************
 Defined at:
		line 8 in file "/opt/microchip/xc8/v1.45/sources/common/llmod.c"
 Parameters:    Size  Location     Type
  dividend        4   31[COMRAM] unsigned long 
  divisor         4   35[COMRAM] unsigned long 
 Auto vars:     Size  Location     Type
  counter         1   39[COMRAM] unsigned char 
 Return value:  Size  Location     Type
                  4   31[COMRAM] unsigned long 
 Registers used:
		wreg, status,2, status,0
 Tracked objects:
		On entry : 
		On exit  : 
		Unchanged: 
 Data sizes:     COMRAM   BANK0   BANK1   BANK2   BANK3   BANK4   BANK5   BANK6   BANK7   BANK8   BANK9  BANK10  BANK11  BANK12
      Params:         8       0       0       0       0       0       0       0       0       0       0       0       0       0
      Locals:         1       0       0       0       0       0       0       0       0       0       0       0       0       0
      Temps:          0       0       0       0       0       0       0       0       0       0       0       0       0       0
      Totals:         9       0       0       0       0       0       0       0       0       0       0       0       0       0
Total ram usage:        9 bytes
 Hardware stack levels used:    1
 Hardware stack levels required when called:    1
 This function calls:
		Nothing
 This function is called by:
		_print_number_nospace
 This function uses a non-reentrant model


 *************** function ___lldiv *****************
 Defined at:
		line 8 in file "/opt/microchip/xc8/v1.45/sources/common/lldiv.c"
 Parameters:    Size  Location     Type
  dividend        4   18[COMRAM] unsigned long 
  divisor         4   22[COMRAM] unsigned long 
 Auto vars:     Size  Location     Type
  quotient        4   26[COMRAM] unsigned long 
  counter         1   30[COMRAM] unsigned char 
 Return value:  Size  Location     Type
                  4   18[COMRAM] unsigned long 
 Registers used:
		wreg, status,2, status,0
 Tracked objects:
		On entry : 
		On exit  : 
		Unchanged: 
 Data sizes:     COMRAM   BANK0   BANK1   BANK2   BANK3   BANK4   BANK5   BANK6   BANK7   BANK8   BANK9  BANK10  BANK11  BANK12
      Params:         8       0       0       0       0       0       0       0       0       0       0       0       0       0
      Locals:         5       0       0       0       0       0       0       0       0       0       0       0       0       0
      Temps:          0       0       0       0       0       0       0       0       0       0       0       0       0       0
      Totals:        13       0       0       0       0       0       0       0       0       0       0       0       0       0
Total ram usage:       13 bytes
 Hardware stack levels used:    1
 Hardware stack levels required when called:    1
 This function calls:
		Nothing
 This function is called by:
		_print_number_nospace
 This function uses a non-reentrant model


 *************** function _draw_degrees *****************
 Defined at:
		line 395 in file "thermo.c"
 Parameters:    Size  Location     Type
		None
 Auto vars:     Size  Location     Type
  index           2   31[COMRAM] int 
  force           1   30[COMRAM] unsigned char 
  temp            2   28[COMRAM] unsigned int 
 Return value:  Size  Location     Type
                  1    wreg      void 
 Registers used:
		wreg, status,2, status,0, tblptrl, tblptrh, tblptru, prodl, prodh, cstack
 Tracked objects:
		On entry : 
		On exit  : 
		Unchanged: 
 Data sizes:     COMRAM   BANK0   BANK1   BANK2   BANK3   BANK4   BANK5   BANK6   BANK7   BANK8   BANK9  BANK10  BANK11  BANK12
      Params:         0       0       0       0       0       0       0       0       0       0       0       0       0       0
      Locals:         5       0       0       0       0       0       0       0       0       0       0       0       0       0
      Temps:          2       0       0       0       0       0       0       0       0       0       0       0       0       0
      Totals:         7       0       0       0       0       0       0       0       0       0       0       0       0       0
Total ram usage:        7 bytes
 Hardware stack levels used:    1
 Hardware stack levels required when called:    2
 This function calls:
		___awdiv
		___lbmod
		_write_leds
 This function is called by:
		_handle_test
		_handle_thermo
		_get_temp
 This function uses a non-reentrant model


 *************** function _write_leds *****************
 Defined at:
		line 383 in file "thermo.c"
 Parameters:    Size  Location     Type
		None
 Auto vars:     Size  Location     Type
		None
 Return value:  Size  Location     Type
                  1    wreg      void 
 Registers used:
		None
 Tracked objects:
		On entry : 
		On exit  : 
		Unchanged: 
 Data sizes:     COMRAM   BANK0   BANK1   BANK2   BANK3   BANK4   BANK5   BANK6   BANK7   BANK8   BANK9  BANK10  BANK11  BANK12
      Params:         0       0       0       0       0       0       0       0       0       0       0       0       0       0
      Locals:         0       0       0       0       0       0       0       0       0       0       0       0       0       0
      Temps:          0       0       0       0       0       0       0       0       0       0       0       0       0       0
      Totals:         0       0       0       0       0       0       0       0       0       0       0       0       0       0
Total ram usage:        0 bytes
 Hardware stack levels used:    1
 Hardware stack levels required when called:    1
 This function calls:
		Nothing
 This function is called by:
		_draw_degrees
		_handle_test
 This function uses a non-reentrant model


 *************** function ___lbmod *****************
 Defined at:
		line 4 in file "/opt/microchip/xc8/v1.45/sources/common/lbmod.c"
 Parameters:    Size  Location     Type
  dividend        1    wreg     unsigned char 
  divisor         1   18[COMRAM] unsigned char 
 Auto vars:     Size  Location     Type
  dividend        1   19[COMRAM] unsigned char 
  rem             1   21[COMRAM] unsigned char 
  counter         1   20[COMRAM] unsigned char 
 Return value:  Size  Location     Type
                  1    wreg      unsigned char 
 Registers used:
		wreg, status,2, status,0
 Tracked objects:
		On entry : 
		On exit  : 
		Unchanged: 
 Data sizes:     COMRAM   BANK0   BANK1   BANK2   BANK3   BANK4   BANK5   BANK6   BANK7   BANK8   BANK9  BANK10  BANK11  BANK12
      Params:         1       0       0       0       0       0       0       0       0       0       0       0       0       0
      Locals:         3       0       0       0       0       0       0       0       0       0       0       0       0       0
      Temps:          0       0       0       0       0       0       0       0       0       0       0       0       0       0
      Totals:         4       0       0       0       0       0       0       0       0       0       0       0       0       0
Total ram usage:        4 bytes
 Hardware stack levels used:    1
 Hardware stack levels required when called:    1
 This function calls:
		Nothing
 This function is called by:
		_draw_degrees
 This function uses a non-reentrant model


 *************** function ___awdiv *****************
 Defined at:
		line 8 in file "/opt/microchip/xc8/v1.45/sources/common/awdiv.c"
 Parameters:    Size  Location     Type
  dividend        2   18[COMRAM] int 
  divisor         2   20[COMRAM] int 
 Auto vars:     Size  Location     Type
  quotient        2   24[COMRAM] int 
  sign            1   23[COMRAM] unsigned char 
  counter         1   22[COMRAM] unsigned char 
 Return value:  Size  Location     Type
                  2   18[COMRAM] int 
 Registers used:
		wreg, status,2, status,0
 Tracked objects:
		On entry : 
		On exit  : 
		Unchanged: 
 Data sizes:     COMRAM   BANK0   BANK1   BANK2   BANK3   BANK4   BANK5   BANK6   BANK7   BANK8   BANK9  BANK10  BANK11  BANK12
      Params:         4       0       0       0       0       0       0       0       0       0       0       0       0       0
      Locals:         4       0       0       0       0       0       0       0       0       0       0       0       0       0
      Temps:          0       0       0       0       0       0       0       0       0       0       0       0       0       0
      Totals:         8       0       0       0       0       0       0       0       0       0       0       0       0       0
Total ram usage:        8 bytes
 Hardware stack levels used:    1
 Hardware stack levels required when called:    1
 This function calls:
		Nothing
 This function is called by:
		_draw_degrees
		_print_number2
 This function uses a non-reentrant model


 *************** function _isr *****************
 Defined at:
		line 742 in file "thermo.c"
 Parameters:    Size  Location     Type
		None
 Auto vars:     Size  Location     Type
		None
 Return value:  Size  Location     Type
                  1    wreg      void 
 Registers used:
		wreg, status,2
 Tracked objects:
		On entry : 
		On exit  : 
		Unchanged: 
 Data sizes:     COMRAM   BANK0   BANK1   BANK2   BANK3   BANK4   BANK5   BANK6   BANK7   BANK8   BANK9  BANK10  BANK11  BANK12
      Params:         0       0       0       0       0       0       0       0       0       0       0       0       0       0
      Locals:         0       0       0       0       0       0       0       0       0       0       0       0       0       0
      Temps:         18       0       0       0       0       0       0       0       0       0       0       0       0       0
      Totals:        18       0       0       0       0       0       0       0       0       0       0       0       0       0
Total ram usage:       18 bytes
 Hardware stack levels used:    1
 This function calls:
		Nothing
 This function is called by:
		Interrupt level 2
 This function uses a non-reentrant model



MODULE INFORMATION

Module		Function		Class		Link	Load	Size
/opt/microchip/xc8/v1.45/sources/common/llmod.c
		___llmod       		CODE           	0A5C	0000	117

/opt/microchip/xc8/v1.45/sources/common/llmod.c estimated size: 117

shared
		handle_test@F13104		MEDIUMCONST    	BEAB	0000	181
		_led_masks1    		MEDIUMCONST    	BFCF	0000	5
		_led_masks2    		MEDIUMCONST    	BF87	0000	41
		_led_masks3    		MEDIUMCONST    	BF5F	0000	41
		_hex_table     		MEDIUMCONST    	BFAF	0000	17
		__initialization		CODE           	093C	0000	131
		_invalid_mask  		MEDIUMCONST    	BFD3	0000	5
		_PACKET_KEY    		MEDIUMCONST    	BFBF	0000	17

shared estimated size: 438

thermo.c
		_print_number  		CODE           	0C9A	0000	33
		_print_text    		CODE           	0C30	0000	57
		_get_temp      		CODE           	07E6	0000	191
		_draw_degrees  		CODE           	032A	0000	559
		_main          		CODE           	06CE	0000	281
		_handle_test   		CODE           	0558	0000	375
		_handle_thermo 		CODE           	0B9E	0000	89
		_print_number_nospace		CODE           	00CA	0000	609
		_isr           		CODE           	0008	0000	191
		_write_leds    		CODE           	0CBA	0000	23
		_print_byte    		CODE           	0BF6	0000	59
		_get_key       		CODE           	0B3C	0000	99

thermo.c estimated size: 2566

/opt/microchip/xc8/v1.45/sources/common/awdiv.c
		___awdiv       		CODE           	08A4	0000	153

/opt/microchip/xc8/v1.45/sources/common/awdiv.c estimated size: 153

/opt/microchip/xc8/v1.45/sources/common/lbmod.c
		___lbmod       		CODE           	0C68	0000	51

/opt/microchip/xc8/v1.45/sources/common/lbmod.c estimated size: 51

/opt/microchip/xc8/v1.45/sources/common/lldiv.c
		___lldiv       		CODE           	09CC	0000	145

/opt/microchip/xc8/v1.45/sources/common/lldiv.c estimated size: 145

