Microchip MPLAB XC8 Compiler V1.45 ()

Linker command line:

-W-3 --edf=/opt/microchip/xc8/v1.45/dat/en_msgs.txt -cs \
  -h+dist/default/production/hygrometer2.X.production.sym \
  --cmf=dist/default/production/hygrometer2.X.production.cmf -z -Q18LF458 \
  -o/tmp/xcXMjDo2j -Mdist/default/production/hygrometer2.X.production.map \
  -E1 -ver=XC8 -ASTACK=0C2h-05ffh -pstack=STACK -ACODE=00h-07FFFh \
  -ACONST=00h-07FFFh -ASMALLCONST=0600h-06FFhx122 \
  -AMEDIUMCONST=0600h-07FFFh -ACOMRAM=01h-05Fh -AABS1=00h-05FFh \
  -ABIGRAM=01h-05FFh -ARAM=060h-0FFh,0100h-01FFhx5 -ABANK0=060h-0FFh \
  -ABANK1=0100h-01FFh -ABANK2=0200h-02FFh -ABANK3=0300h-03FFh \
  -ABANK4=0400h-04FFh -ABANK5=0500h-05FFh -ASFR=0F00h-0F5Fh,0F60h-0FFFh \
  -preset_vec=00h,intcode=08h,intcodelo,powerup,init -pramtop=0600h \
  -psmallconst=SMALLCONST -pmediumconst=MEDIUMCONST -pconst=CONST \
  -AFARRAM=00h-00h -ACONFIG=0300000h-030000Dh -pconfig=CONFIG \
  -AIDLOC=0200000h-0200007h -pidloc=IDLOC -AEEDATA=0F00000h-0F000FFh \
  -peeprom_data=EEDATA \
  -prdata=COMRAM,nvrram=COMRAM,nvbit=COMRAM,rbss=COMRAM,rbit=COMRAM \
  -pfarbss=FARRAM,fardata=FARRAM,nvFARRAM=FARRAM \
  -pintsave_regs=BIGRAM,bigbss=BIGRAM,bigdata=BIGRAM -pbss=RAM \
  -pidata=CODE,irdata=CODE,ibigdata=CODE,ifardata=CODE -prparam=COMRAM \
  /tmp/xcXaq224W.obj dist/default/production/hygrometer2.X.production.obj 

Object code version is 3.11

Machine type is 18LF458

Call graph: (short form)




                Name                               Link     Load   Length Selector   Space Scale
/tmp/xcXaq224W.obj
                init                                 B0       B0        4        4       0
                reset_vec                             0        0        4        0       0
                idloc                            200000   200000        8   200000       0
                config                           300000   300000        E   300000       0
dist/default/production/hygrometer2.X.production.obj
                intcode                               8        8       A8        4       0
                temp                                 4D       4D        1        1       1
                smallconst                          600      600       72      300       0
                text30                              F7E      F7E       84      339       0
                text29                             107A     107A       70      339       0
                text28                              D9C      D9C       AE      339       0
                text27                              672      672      1AE      339       0
                text26                              BBE      BBE       F8      339       0
                text25                              AB8      AB8      106      339       0
                text24                             12F4     12F4       30      339       0
                text23                             143E     143E        E      339       0
                text22                             1458     1458        C      339       0
                text21                             144C     144C        C      339       0
                text20                             13EE     13EE       22      339       0
                text19                             13CC     13CC       22      339       0
                text18                              E4A      E4A       AC      339       0
                text17                             1410     1410       1A      339       0
                text16                             142A     142A       14      339       0
                text15                             1196     1196       56      339       0
                text14                             1280     1280       3C      339       0
                text13                             1464     1464        A      339       0
                text12                             12BC     12BC       38      339       0
                text11                             13A4     13A4       28      339       0
                text10                             11EC     11EC       52      339       0
                text9                              123E     123E       42      339       0
                text8                              1324     1324       2C      339       0
                text7                              1140     1140       56      339       0
                text6                               EF6      EF6       88      339       0
                text5                              137A     137A       2A      339       0
                text4                              1002     1002       78      339       0
                text3                               CB6      CB6       E6      339       0
                text2                              10EA     10EA       56      339       0
                text1                               820      820      18C      339       0
                text0                               9AC      9AC      10C      339       0
                cstackCOMRAM                          1        1       3B        1       1
                cstackBANK0                          A8       A8       1A       60       1
                bssBANK0                             60       60       48       60       1
                bssCOMRAM                            3C       3C       11        1       1
                cinit                              1350     1350       2A      339       0

TOTAL           Name                               Link     Load   Length     Space
        CLASS   STACK          

        CLASS   CODE           
                intcode                               8        8       A8         0
                init                                 B0       B0        4         0
                reset_vec                             0        0        4         0
                text30                              F7E      F7E       84         0
                text29                             107A     107A       70         0
                text28                              D9C      D9C       AE         0
                text27                              672      672      1AE         0
                text26                              BBE      BBE       F8         0
                text25                              AB8      AB8      106         0
                text24                             12F4     12F4       30         0
                text23                             143E     143E        E         0
                text22                             1458     1458        C         0
                text21                             144C     144C        C         0
                text20                             13EE     13EE       22         0
                text19                             13CC     13CC       22         0
                text18                              E4A      E4A       AC         0
                text17                             1410     1410       1A         0
                text16                             142A     142A       14         0
                text15                             1196     1196       56         0
                text14                             1280     1280       3C         0
                text13                             1464     1464        A         0
                text12                             12BC     12BC       38         0
                text11                             13A4     13A4       28         0
                text10                             11EC     11EC       52         0
                text9                              123E     123E       42         0
                text8                              1324     1324       2C         0
                text7                              1140     1140       56         0
                text6                               EF6      EF6       88         0
                text5                              137A     137A       2A         0
                text4                              1002     1002       78         0
                text3                               CB6      CB6       E6         0
                text2                              10EA     10EA       56         0
                text1                               820      820      18C         0
                text0                               9AC      9AC      10C         0
                cinit                              1350     1350       2A         0

        CLASS   CONST          

        CLASS   SMALLCONST     
                smallconst                          600      600       72         0

        CLASS   MEDIUMCONST    

        CLASS   COMRAM         
                temp                                 4D       4D        1         1
                cstackCOMRAM                          1        1       3B         1
                bssCOMRAM                            3C       3C       11         1

        CLASS   ABS1           

        CLASS   BIGRAM         

        CLASS   RAM            

        CLASS   BANK0          
                cstackBANK0                          A8       A8       1A         1
                bssBANK0                             60       60       48         1

        CLASS   BANK1          

        CLASS   BANK2          

        CLASS   BANK3          

        CLASS   BANK4          

        CLASS   BANK5          

        CLASS   SFR            

        CLASS   FARRAM         

        CLASS   CONFIG         
                config                           300000   300000        E         0

        CLASS   IDLOC          
                idloc                            200000   200000        8         0

        CLASS   EEDATA         



SEGMENTS        Name                           Load    Length   Top    Selector   Space  Class

                reset_vec                      000000  000004  000004         0       0  CODE    
                cstackCOMRAM                   000001  00004D  00004E         1       1  COMRAM  
                intcode                        000008  0000AC  0000B4         4       0  CODE    
                bssBANK0                       000060  000062  0000C2        60       1  BANK0   
                smallconst                     000600  000072  000672       300       0  SMALLCON
                text27                         000672  000DFC  00146E       339       0  CODE    
                idloc                          200000  000008  200008    200000       0  IDLOC   
                config                         300000  00000E  30000E    300000       0  CONFIG  


UNUSED ADDRESS RANGES

        Name                Unused          Largest block    Delta
        BANK0            0000C2-0000FF               3E
        BANK1            000100-0001FF              100
        BANK2            000200-0002FF              100
        BANK3            000300-0003FF              100
        BANK4            000400-0004FF              100
        BANK5            000500-0005FF              100
        BIGRAM           00004E-00005F               12
                         0000C2-0005FF              53E
        CODE             000004-000007                4
                         0000B4-0005FF              54C
                         00146E-007FFF             6B92
        COMRAM           00004E-00005F               12
        CONST            000004-000007                4
                         0000B4-0005FF              54C
                         00146E-007FFF             6B92
        EEDATA           F00000-F000FF              100
        MEDIUMCONST      00146E-007FFF             6B92
        RAM              0000C2-0005FF              100
        SFR              000F00-000FFF               60
        SMALLCONST       00146E-007FFF              100
        STACK            0000C2-0005FF              53E

                                  Symbol Table

?___altoft                  cstackCOMRAM 00001F
?___awdiv                   cstackCOMRAM 000013
?___awmod                   cstackCOMRAM 000013
?___ftadd                   cstackBANK0  0000A8
?___ftdiv                   cstackCOMRAM 000029
?___ftpack                  cstackCOMRAM 000013
?___fttol                   cstackBANK0  0000B1
?___lmul                    cstackCOMRAM 000013
?___lwdiv                   cstackCOMRAM 000013
?___lwmod                   cstackCOMRAM 000013
_ADCON1                     (abs)        000FC1
_GIE                        (abs)        007F97
_LATA4                      (abs)        007C4C
_LATA5                      (abs)        007C4D
_LATC                       (abs)        000F8B
_LATD                       (abs)        000F8C
_PEIE                       (abs)        007F96
_PORTAbits                  (abs)        000F80
_PR2                        (abs)        000FCB
_RCSTA                      (abs)        000FAB
_SPBRG                      (abs)        000FAF
_T2CON                      (abs)        000FCA
_TMR2IE                     (abs)        007CE9
_TMR2IF                     (abs)        007CF1
_TRISA4                     (abs)        007C94
_TRISA5                     (abs)        007C95
_TRISC                      (abs)        000F94
_TRISD                      (abs)        000F95
_TXIF                       (abs)        007CF4
_TXREG                      (abs)        000FAD
_TXSTA                      (abs)        000FAC
__CFG_BOR$ON                (abs)        000000
__CFG_BORV$25               (abs)        000000
__CFG_CP0$OFF               (abs)        000000
__CFG_CP1$OFF               (abs)        000000
__CFG_CP2$OFF               (abs)        000000
__CFG_CP3$OFF               (abs)        000000
__CFG_CPB$OFF               (abs)        000000
__CFG_CPD$OFF               (abs)        000000
__CFG_EBTR0$OFF             (abs)        000000
__CFG_EBTR1$OFF             (abs)        000000
__CFG_EBTR2$OFF             (abs)        000000
__CFG_EBTR3$OFF             (abs)        000000
__CFG_EBTRB$OFF             (abs)        000000
__CFG_LVP$OFF               (abs)        000000
__CFG_OSC$HS                (abs)        000000
__CFG_OSCS$OFF              (abs)        000000
__CFG_PWRT$ON               (abs)        000000
__CFG_STVR$ON               (abs)        000000
__CFG_WDT$ON                (abs)        000000
__CFG_WDTPS$128             (abs)        000000
__CFG_WRT0$OFF              (abs)        000000
__CFG_WRT1$OFF              (abs)        000000
__CFG_WRT2$OFF              (abs)        000000
__CFG_WRT3$OFF              (abs)        000000
__CFG_WRTB$OFF              (abs)        000000
__CFG_WRTC$OFF              (abs)        000000
__CFG_WRTD$OFF              (abs)        000000
__HRAM                      (abs)        000000
__Habs1                     abs1         000000
__Hbank0                    bank0        000000
__Hbank1                    bank1        000000
__Hbank2                    bank2        000000
__Hbank3                    bank3        000000
__Hbank4                    bank4        000000
__Hbank5                    bank5        000000
__Hbigbss                   bigbss       000000
__Hbigdata                  bigdata      000000
__Hbigram                   bigram       000000
__Hbss                      bss          000000
__HbssBANK0                 bssBANK0     000000
__HbssCOMRAM                bssCOMRAM    000000
__Hcinit                    cinit        000000
__Hclrtext                  clrtext      000000
__Hcomram                   comram       000000
__Hconfig                   config       30000E
__Hconst                    const        000000
__HcstackBANK0              cstackBANK0  000000
__HcstackCOMRAM             cstackCOMRAM 000000
__Hdata                     data         000000
__Heeprom_data              eeprom_data  000000
__Hfarbss                   farbss       000000
__Hfardata                  fardata      000000
__Hibigdata                 ibigdata     000000
__Hidata                    idata        000000
__Hidloc                    idloc        200008
__Hifardata                 ifardata     000000
__Hinit                     init         0000B4
__Hintcode                  intcode      0000B0
__Hintcode_body             intcode_body 000000
__Hintcodelo                intcodelo    0000B0
__Hintentry                 intentry     000000
__Hintret                   intret       000000
__Hintsave_regs             intsave_regs 000000
__Hirdata                   irdata       000000
__Hmediumconst              mediumconst  000000
__HnvFARRAM                 nvFARRAM     000000
__Hnvbit                    nvbit        000000
__Hnvrram                   nvrram       000000
__Hparam                    rparam       000000
__Hpowerup                  powerup      0000B0
__Hram                      ram          000000
__Hramtop                   ramtop       000600
__Hrbit                     rbit         000000
__Hrbss                     rbss         000000
__Hrdata                    rdata        000000
__Hreset_vec                reset_vec    000004
__Hrparam                   rparam       000000
__Hsfr                      sfr          000000
__Hsmallconst               smallconst   000672
__Hspace_0                  (abs)        30000E
__Hspace_1                  (abs)        0000C2
__Hspace_2                  (abs)        000000
__Hstack                    stack        000000
__Hstruct                   struct       000000
__Htemp                     temp         00004E
__Htext                     text         000000
__Htext0                    text0        000000
__Htext1                    text1        000000
__Htext10                   text10       000000
__Htext11                   text11       000000
__Htext12                   text12       000000
__Htext13                   text13       000000
__Htext14                   text14       000000
__Htext15                   text15       000000
__Htext16                   text16       000000
__Htext17                   text17       000000
__Htext18                   text18       000000
__Htext19                   text19       000000
__Htext2                    text2        000000
__Htext20                   text20       000000
__Htext21                   text21       000000
__Htext22                   text22       000000
__Htext23                   text23       000000
__Htext24                   text24       000000
__Htext25                   text25       000000
__Htext26                   text26       000000
__Htext27                   text27       000000
__Htext28                   text28       000000
__Htext29                   text29       000000
__Htext3                    text3        000000
__Htext30                   text30       000000
__Htext4                    text4        000000
__Htext5                    text5        000000
__Htext6                    text6        000000
__Htext7                    text7        000000
__Htext8                    text8        000000
__Htext9                    text9        000000
__LRAM                      (abs)        000001
__Labs1                     abs1         000000
__Lbank0                    bank0        000000
__Lbank1                    bank1        000000
__Lbank2                    bank2        000000
__Lbank3                    bank3        000000
__Lbank4                    bank4        000000
__Lbank5                    bank5        000000
__Lbigbss                   bigbss       000000
__Lbigdata                  bigdata      000000
__Lbigram                   bigram       000000
__Lbss                      bss          000000
__LbssBANK0                 bssBANK0     000000
__LbssCOMRAM                bssCOMRAM    000000
__Lcinit                    cinit        000000
__Lclrtext                  clrtext      000000
__Lcomram                   comram       000000
__Lconfig                   config       300000
__Lconst                    const        000000
__LcstackBANK0              cstackBANK0  000000
__LcstackCOMRAM             cstackCOMRAM 000000
__Ldata                     data         000000
__Leeprom_data              eeprom_data  000000
__Lfarbss                   farbss       000000
__Lfardata                  fardata      000000
__Libigdata                 ibigdata     000000
__Lidata                    idata        000000
__Lidloc                    idloc        200000
__Lifardata                 ifardata     000000
__Linit                     init         0000B0
__Lintcode                  intcode      000008
__Lintcode_body             intcode_body 000000
__Lintcodelo                intcodelo    0000B0
__Lintentry                 intentry     000000
__Lintret                   intret       000000
__Lintsave_regs             intsave_regs 000000
__Lirdata                   irdata       000000
__Lmediumconst              mediumconst  000000
__LnvFARRAM                 nvFARRAM     000000
__Lnvbit                    nvbit        000000
__Lnvrram                   nvrram       000000
__Lparam                    rparam       000000
__Lpowerup                  powerup      0000B0
__Lram                      ram          000000
__Lramtop                   ramtop       000600
__Lrbit                     rbit         000000
__Lrbss                     rbss         000000
__Lrdata                    rdata        000000
__Lreset_vec                reset_vec    000000
__Lrparam                   rparam       000000
__Lsfr                      sfr          000000
__Lsmallconst               smallconst   000600
__Lspace_0                  (abs)        000000
__Lspace_1                  (abs)        000000
__Lspace_2                  (abs)        000000
__Lstack                    stack        000000
__Lstruct                   struct       000000
__Ltemp                     temp         00004D
__Ltext                     text         000000
__Ltext0                    text0        000000
__Ltext1                    text1        000000
__Ltext10                   text10       000000
__Ltext11                   text11       000000
__Ltext12                   text12       000000
__Ltext13                   text13       000000
__Ltext14                   text14       000000
__Ltext15                   text15       000000
__Ltext16                   text16       000000
__Ltext17                   text17       000000
__Ltext18                   text18       000000
__Ltext19                   text19       000000
__Ltext2                    text2        000000
__Ltext20                   text20       000000
__Ltext21                   text21       000000
__Ltext22                   text22       000000
__Ltext23                   text23       000000
__Ltext24                   text24       000000
__Ltext25                   text25       000000
__Ltext26                   text26       000000
__Ltext27                   text27       000000
__Ltext28                   text28       000000
__Ltext29                   text29       000000
__Ltext3                    text3        000000
__Ltext30                   text30       000000
__Ltext4                    text4        000000
__Ltext5                    text5        000000
__Ltext6                    text6        000000
__Ltext7                    text7        000000
__Ltext8                    text8        000000
__Ltext9                    text9        000000
__S0                        (abs)        30000E
__S1                        (abs)        0000C2
__S2                        (abs)        000000
___altoft                   text4        001002
___altoft@c                 cstackCOMRAM 00001F
___altoft@exp               cstackCOMRAM 000027
___altoft@sign              cstackCOMRAM 000028
___awdiv                    text30       000F7E
___awdiv@counter            cstackCOMRAM 000017
___awdiv@dividend           cstackCOMRAM 000013
___awdiv@divisor            cstackCOMRAM 000015
___awdiv@quotient           cstackCOMRAM 000019
___awdiv@sign               cstackCOMRAM 000018
___awmod                    text29       00107A
___awmod@counter            cstackCOMRAM 000017
___awmod@dividend           cstackCOMRAM 000013
___awmod@divisor            cstackCOMRAM 000015
___awmod@sign               cstackCOMRAM 000018
___ftadd                    text27       000672
___ftadd@exp1               cstackBANK0  0000B0
___ftadd@exp2               cstackBANK0  0000AF
___ftadd@f1                 cstackBANK0  0000A8
___ftadd@f2                 cstackBANK0  0000AB
___ftadd@sign               cstackBANK0  0000AE
___ftdiv                    text3        000CB6
___ftdiv@cntr               cstackCOMRAM 000032
___ftdiv@exp                cstackCOMRAM 000036
___ftdiv@f1                 cstackCOMRAM 000029
___ftdiv@f2                 cstackCOMRAM 00002C
___ftdiv@f3                 cstackCOMRAM 000033
___ftdiv@sign               cstackCOMRAM 000037
___ftpack                   text28       000D9C
___ftpack@arg               cstackCOMRAM 000013
___ftpack@exp               cstackCOMRAM 000016
___ftpack@sign              cstackCOMRAM 000017
___fttol                    text26       000BBE
___fttol@exp1               cstackBANK0  0000BF
___fttol@f1                 cstackBANK0  0000B1
___fttol@lval               cstackBANK0  0000BB
___fttol@sign1              cstackBANK0  0000BA
___inthi_sp                 stack        000000
___intlo_sp                 stack        000000
___lmul                     text2        0010EA
___lmul@multiplicand        cstackCOMRAM 000017
___lmul@multiplier          cstackCOMRAM 000013
___lmul@product             cstackCOMRAM 00001B
___lwdiv                    text10       0011EC
___lwdiv@counter            cstackCOMRAM 000019
___lwdiv@dividend           cstackCOMRAM 000013
___lwdiv@divisor            cstackCOMRAM 000015
___lwdiv@quotient           cstackCOMRAM 000017
___lwmod                    text9        00123E
___lwmod@counter            cstackCOMRAM 000017
___lwmod@dividend           cstackCOMRAM 000013
___lwmod@divisor            cstackCOMRAM 000015
___param_bank               (abs)        000000
___rparam_used              (abs)        000001
___sp                       stack        000000
__accesstop                 (abs)        000060
__activetblptr              (abs)        000001
__end_of___altoft           text4        00107A
__end_of___awdiv            text30       001002
__end_of___awmod            text29       0010EA
__end_of___ftadd            text27       000820
__end_of___ftdiv            text3        000D9C
__end_of___ftpack           text28       000E4A
__end_of___fttol            text26       000CB6
__end_of___lmul             text2        001140
__end_of___lwdiv            text10       00123E
__end_of___lwmod            text9        001280
__end_of__initialization    cinit        001368
__end_of_aht20_status       text13       00146E
__end_of_draw_value         text25       000BBE
__end_of_flush_uart         text23       00144C
__end_of_get_clock          text22       001464
__end_of_get_data           text21       001458
__end_of_handle_uart        text24       001324
__end_of_i2c_read           text18       000EF6
__end_of_i2c_read_device2   text14       0012BC
__end_of_i2c_start          text17       00142A
__end_of_i2c_stop           text16       00143E
__end_of_i2c_write          text15       0011EC
__end_of_i2c_write_device2  text12       0012F4
__end_of_init_aht20         text11       0013CC
__end_of_isr                intcode      0000B0
__end_of_led_masks1         smallconst   000629
__end_of_led_masks2         smallconst   000615
__end_of_main               text0        000AB8
__end_of_print_digit        text7        001196
__end_of_print_number       text6        000F7E
__end_of_print_text         text5        0013A4
__end_of_read_aht20         text1        0009AC
__end_of_send_uart          text8        001350
__end_of_set_clock          text20       001410
__end_of_set_data           text19       0013EE
__initialization            cinit        001350
__mediumconst               mediumconst  000000
__pbssBANK0                 bssBANK0     000060
__pbssCOMRAM                bssCOMRAM    00003C
__pcinit                    cinit        001350
__pcstackBANK0              cstackBANK0  0000A8
__pcstackCOMRAM             cstackCOMRAM 000001
__pintcode                  intcode      000008
__psmallconst               smallconst   000600
__ptext0                    text0        0009AC
__ptext1                    text1        000820
__ptext10                   text10       0011EC
__ptext11                   text11       0013A4
__ptext12                   text12       0012BC
__ptext13                   text13       001464
__ptext14                   text14       001280
__ptext15                   text15       001196
__ptext16                   text16       00142A
__ptext17                   text17       001410
__ptext18                   text18       000E4A
__ptext19                   text19       0013CC
__ptext2                    text2        0010EA
__ptext20                   text20       0013EE
__ptext21                   text21       00144C
__ptext22                   text22       001458
__ptext23                   text23       00143E
__ptext24                   text24       0012F4
__ptext25                   text25       000AB8
__ptext26                   text26       000BBE
__ptext27                   text27       000672
__ptext28                   text28       000D9C
__ptext29                   text29       00107A
__ptext3                    text3        000CB6
__ptext30                   text30       000F7E
__ptext4                    text4        001002
__ptext5                    text5        00137A
__ptext6                    text6        000EF6
__ptext7                    text7        001140
__ptext8                    text8        001324
__ptext9                    text9        00123E
__ramtop                    ramtop       000600
__size_of___altoft          (abs)        000000
__size_of___awdiv           (abs)        000000
__size_of___awmod           (abs)        000000
__size_of___ftadd           (abs)        000000
__size_of___ftdiv           (abs)        000000
__size_of___ftpack          (abs)        000000
__size_of___fttol           (abs)        000000
__size_of___lmul            (abs)        000000
__size_of___lwdiv           (abs)        000000
__size_of___lwmod           (abs)        000000
__size_of_aht20_status      (abs)        000000
__size_of_draw_value        (abs)        000000
__size_of_flush_uart        (abs)        000000
__size_of_get_clock         (abs)        000000
__size_of_get_data          (abs)        000000
__size_of_handle_uart       (abs)        000000
__size_of_i2c_read          (abs)        000000
__size_of_i2c_read_device2  (abs)        000000
__size_of_i2c_start         (abs)        000000
__size_of_i2c_stop          (abs)        000000
__size_of_i2c_write         (abs)        000000
__size_of_i2c_write_device2 (abs)        000000
__size_of_init_aht20        (abs)        000000
__size_of_isr               (abs)        000000
__size_of_main              (abs)        000000
__size_of_print_digit       (abs)        000000
__size_of_print_number      (abs)        000000
__size_of_print_text        (abs)        000000
__size_of_read_aht20        (abs)        000000
__size_of_send_uart         (abs)        000000
__size_of_set_clock         (abs)        000000
__size_of_set_data          (abs)        000000
__smallconst                smallconst   000600
_aht20_status               text13       001464
_draw_value                 text25       000AB8
_flags                      bssCOMRAM    00004B
_flush_uart                 text23       00143E
_force                      bssCOMRAM    000044
_get_clock                  text22       001458
_get_data                   text21       00144C
_handle_uart                text24       0012F4
_i2c_buffer                 bssCOMRAM    00003C
_i2c_read                   text18       000E4A
_i2c_read_device2           text14       001280
_i2c_start                  text17       001410
_i2c_stop                   text16       00142A
_i2c_write                  text15       001196
_i2c_write_device2          text12       0012BC
_init_aht20                 text11       0013A4
_isr                        intcode      000008
_led_mask0                  bssBANK0     0000A1
_led_mask1                  bssBANK0     0000A0
_led_masks1                 smallconst   000615
_led_masks2                 smallconst   000601
_main                       text0        0009AC
_number                     bssCOMRAM    000046
_print_digit                text7        001140
_print_number               text6        000EF6
_print_text                 text5        00137A
_read_aht20                 text1        000820
_send_uart                  text8        001324
_sensor                     bssBANK0     0000A2
_set_clock                  text20       0013EE
_set_data                   text19       0013CC
_tick                       bssCOMRAM    00004C
_uart_buffer                bssBANK0     000060
_uart_position1             bssCOMRAM    000049
_uart_position2             bssCOMRAM    000048
_uart_size                  bssCOMRAM    00004A
btemp                       temp         00004D
draw_value@value            cstackCOMRAM 00003B
end_of_initialization       cinit        001368
i2c_read@bytes              cstackCOMRAM 00001C
i2c_read@i                  cstackCOMRAM 00001E
i2c_read@j                  cstackCOMRAM 00001D
i2c_read@value              cstackCOMRAM 00001B
i2c_read_device2@bytes      cstackCOMRAM 00001F
i2c_read_device2@i          cstackCOMRAM 000020
i2c_write@ack               cstackCOMRAM 000014
i2c_write@i                 cstackCOMRAM 000016
i2c_write@value             cstackCOMRAM 000015
i2c_write_device2@i         cstackCOMRAM 000018
i2c_write_device2@len       cstackCOMRAM 000017
init_aht20@ptr              cstackCOMRAM 000021
int$flags                   temp         00004D
intlevel0                   text         000000
intlevel1                   text         000000
intlevel2                   text         000000
intlevel3                   text         000000
print_digit@place           cstackCOMRAM 00001A
print_number@number_arg     cstackBANK0  0000C0
print_text@s                cstackCOMRAM 000014
read_aht20@ptr              cstackBANK0  0000B1
read_aht20@x                cstackBANK0  0000B3
send_uart@c                 cstackCOMRAM 000013
set_clock@value             cstackCOMRAM 000013
set_data@value              cstackCOMRAM 000013
stackhi                     (abs)        0005FF
stacklo                     (abs)        0000C2
start                       init         0000B0
start_initialization        cinit        001350
wtemp6                      temp         00004E


FUNCTION INFORMATION:

 *************** function _main *****************
 Defined at:
		line 515 in file "mane.c"
 Parameters:    Size  Location     Type
		None
 Auto vars:     Size  Location     Type
		None
 Return value:  Size  Location     Type
                  1    wreg      void 
 Registers used:
		wreg, fsr2l, fsr2h, status,2, status,0, tblptrl, tblptrh, tblptru, prodl, prodh, cstack
 Tracked objects:
		On entry : 
		On exit  : 
		Unchanged: 
 Data sizes:     COMRAM   BANK0   BANK1   BANK2   BANK3   BANK4   BANK5
      Params:         0       0       0       0       0       0       0
      Locals:         0       0       0       0       0       0       0
      Temps:          0       0       0       0       0       0       0
      Totals:         0       0       0       0       0       0       0
Total ram usage:        0 bytes
 Hardware stack levels required when called:    6
 This function calls:
		___ftadd
		___fttol
		_draw_value
		_flush_uart
		_handle_uart
		_init_aht20
		_print_number
		_print_text
		_read_aht20
 This function is called by:
		Startup code after reset
 This function uses a non-reentrant model


 *************** function _read_aht20 *****************
 Defined at:
		line 469 in file "mane.c"
 Parameters:    Size  Location     Type
  ptr             2    9[BANK0 ] PTR struct .
		 -> sensor(6), 
 Auto vars:     Size  Location     Type
  x               4   11[BANK0 ] long 
 Return value:  Size  Location     Type
                  1    wreg      void 
 Registers used:
		wreg, fsr2l, fsr2h, status,2, status,0, prodl, prodh, cstack
 Tracked objects:
		On entry : 
		On exit  : 
		Unchanged: 
 Data sizes:     COMRAM   BANK0   BANK1   BANK2   BANK3   BANK4   BANK5
      Params:         0       2       0       0       0       0       0
      Locals:         0       4       0       0       0       0       0
      Temps:          1       0       0       0       0       0       0
      Totals:         1       6       0       0       0       0       0
Total ram usage:        7 bytes
 Hardware stack levels used:    1
 Hardware stack levels required when called:    5
 This function calls:
		___altoft
		___ftadd
		___ftdiv
		___lmul
		_aht20_status
		_i2c_read_device2
		_i2c_write_device2
 This function is called by:
		_main
 This function uses a non-reentrant model


 *************** function ___lmul *****************
 Defined at:
		line 15 in file "/opt/microchip/xc8/v1.45/sources/common/Umul32.c"
 Parameters:    Size  Location     Type
  multiplier      4   18[COMRAM] unsigned long 
  multiplicand    4   22[COMRAM] unsigned long 
 Auto vars:     Size  Location     Type
  product         4   26[COMRAM] unsigned long 
 Return value:  Size  Location     Type
                  4   18[COMRAM] unsigned long 
 Registers used:
		wreg, status,2, status,0
 Tracked objects:
		On entry : 
		On exit  : 
		Unchanged: 
 Data sizes:     COMRAM   BANK0   BANK1   BANK2   BANK3   BANK4   BANK5
      Params:         8       0       0       0       0       0       0
      Locals:         4       0       0       0       0       0       0
      Temps:          0       0       0       0       0       0       0
      Totals:        12       0       0       0       0       0       0
Total ram usage:       12 bytes
 Hardware stack levels used:    1
 Hardware stack levels required when called:    1
 This function calls:
		Nothing
 This function is called by:
		_read_aht20
 This function uses a non-reentrant model


 *************** function ___ftdiv *****************
 Defined at:
		line 54 in file "/opt/microchip/xc8/v1.45/sources/common/ftdiv.c"
 Parameters:    Size  Location     Type
  f1              3   40[COMRAM] float 
  f2              3   43[COMRAM] float 
 Auto vars:     Size  Location     Type
  f3              3   50[COMRAM] float 
  sign            1   54[COMRAM] unsigned char 
  exp             1   53[COMRAM] unsigned char 
  cntr            1   49[COMRAM] unsigned char 
 Return value:  Size  Location     Type
                  3   40[COMRAM] float 
 Registers used:
		wreg, status,2, status,0, cstack
 Tracked objects:
		On entry : 
		On exit  : 
		Unchanged: 
 Data sizes:     COMRAM   BANK0   BANK1   BANK2   BANK3   BANK4   BANK5
      Params:         6       0       0       0       0       0       0
      Locals:         6       0       0       0       0       0       0
      Temps:          3       0       0       0       0       0       0
      Totals:        15       0       0       0       0       0       0
Total ram usage:       15 bytes
 Hardware stack levels used:    1
 Hardware stack levels required when called:    2
 This function calls:
		___ftpack
 This function is called by:
		_read_aht20
 This function uses a non-reentrant model


 *************** function ___altoft *****************
 Defined at:
		line 42 in file "/opt/microchip/xc8/v1.45/sources/common/altoft.c"
 Parameters:    Size  Location     Type
  c               4   30[COMRAM] long 
 Auto vars:     Size  Location     Type
  sign            1   39[COMRAM] unsigned char 
  exp             1   38[COMRAM] unsigned char 
 Return value:  Size  Location     Type
                  3   30[COMRAM] float 
 Registers used:
		wreg, status,2, status,0, cstack
 Tracked objects:
		On entry : 
		On exit  : 
		Unchanged: 
 Data sizes:     COMRAM   BANK0   BANK1   BANK2   BANK3   BANK4   BANK5
      Params:         4       0       0       0       0       0       0
      Locals:         2       0       0       0       0       0       0
      Temps:          4       0       0       0       0       0       0
      Totals:        10       0       0       0       0       0       0
Total ram usage:       10 bytes
 Hardware stack levels used:    1
 Hardware stack levels required when called:    2
 This function calls:
		___ftpack
 This function is called by:
		_read_aht20
 This function uses a non-reentrant model


 *************** function _print_text *****************
 Defined at:
		line 239 in file "mane.c"
 Parameters:    Size  Location     Type
  s               2   19[COMRAM] PTR const unsigned char 
		 -> STR_6(2), STR_5(10), STR_4(6), STR_3(11), 
		 -> STR_2(16), STR_1(28), 
 Auto vars:     Size  Location     Type
		None
 Return value:  Size  Location     Type
                  1    wreg      void 
 Registers used:
		wreg, fsr2l, fsr2h, status,2, status,0, tblptrl, tblptrh, tblptru, prodl, prodh, cstack
 Tracked objects:
		On entry : 
		On exit  : 
		Unchanged: 
 Data sizes:     COMRAM   BANK0   BANK1   BANK2   BANK3   BANK4   BANK5
      Params:         2       0       0       0       0       0       0
      Locals:         0       0       0       0       0       0       0
      Temps:          0       0       0       0       0       0       0
      Totals:         2       0       0       0       0       0       0
Total ram usage:        2 bytes
 Hardware stack levels used:    1
 Hardware stack levels required when called:    2
 This function calls:
		_send_uart
 This function is called by:
		_main
 This function uses a non-reentrant model


 *************** function _print_number *****************
 Defined at:
		line 224 in file "mane.c"
 Parameters:    Size  Location     Type
  number_arg      2   24[BANK0 ] unsigned int 
 Auto vars:     Size  Location     Type
		None
 Return value:  Size  Location     Type
                  1    wreg      void 
 Registers used:
		wreg, fsr2l, fsr2h, status,2, status,0, prodl, prodh, cstack
 Tracked objects:
		On entry : 
		On exit  : 
		Unchanged: 
 Data sizes:     COMRAM   BANK0   BANK1   BANK2   BANK3   BANK4   BANK5
      Params:         0       2       0       0       0       0       0
      Locals:         0       0       0       0       0       0       0
      Temps:          0       0       0       0       0       0       0
      Totals:         0       2       0       0       0       0       0
Total ram usage:        2 bytes
 Hardware stack levels used:    1
 Hardware stack levels required when called:    3
 This function calls:
		___lwmod
		_print_digit
		_send_uart
 This function is called by:
		_main
 This function uses a non-reentrant model


 *************** function _print_digit *****************
 Defined at:
		line 214 in file "mane.c"
 Parameters:    Size  Location     Type
  place           2   25[COMRAM] unsigned int 
 Auto vars:     Size  Location     Type
		None
 Return value:  Size  Location     Type
                  1    wreg      void 
 Registers used:
		wreg, fsr2l, fsr2h, status,2, status,0, prodl, prodh, cstack
 Tracked objects:
		On entry : 
		On exit  : 
		Unchanged: 
 Data sizes:     COMRAM   BANK0   BANK1   BANK2   BANK3   BANK4   BANK5
      Params:         2       0       0       0       0       0       0
      Locals:         0       0       0       0       0       0       0
      Temps:          0       0       0       0       0       0       0
      Totals:         2       0       0       0       0       0       0
Total ram usage:        2 bytes
 Hardware stack levels used:    1
 Hardware stack levels required when called:    2
 This function calls:
		___lwdiv
		___lwmod
		_send_uart
 This function is called by:
		_print_number
 This function uses a non-reentrant model


 *************** function _send_uart *****************
 Defined at:
		line 199 in file "mane.c"
 Parameters:    Size  Location     Type
  c               1    wreg     unsigned char 
 Auto vars:     Size  Location     Type
  c               1   18[COMRAM] unsigned char 
 Return value:  Size  Location     Type
                  1    wreg      void 
 Registers used:
		wreg, fsr2l, fsr2h, status,2, status,0, prodl, prodh
 Tracked objects:
		On entry : 
		On exit  : 
		Unchanged: 
 Data sizes:     COMRAM   BANK0   BANK1   BANK2   BANK3   BANK4   BANK5
      Params:         0       0       0       0       0       0       0
      Locals:         1       0       0       0       0       0       0
      Temps:          0       0       0       0       0       0       0
      Totals:         1       0       0       0       0       0       0
Total ram usage:        1 bytes
 Hardware stack levels used:    1
 Hardware stack levels required when called:    1
 This function calls:
		Nothing
 This function is called by:
		_print_digit
		_print_number
		_print_text
 This function uses a non-reentrant model


 *************** function ___lwmod *****************
 Defined at:
		line 8 in file "/opt/microchip/xc8/v1.45/sources/common/lwmod.c"
 Parameters:    Size  Location     Type
  dividend        2   18[COMRAM] unsigned int 
  divisor         2   20[COMRAM] unsigned int 
 Auto vars:     Size  Location     Type
  counter         1   22[COMRAM] unsigned char 
 Return value:  Size  Location     Type
                  2   18[COMRAM] unsigned int 
 Registers used:
		wreg, status,2, status,0
 Tracked objects:
		On entry : 
		On exit  : 
		Unchanged: 
 Data sizes:     COMRAM   BANK0   BANK1   BANK2   BANK3   BANK4   BANK5
      Params:         4       0       0       0       0       0       0
      Locals:         1       0       0       0       0       0       0
      Temps:          0       0       0       0       0       0       0
      Totals:         5       0       0       0       0       0       0
Total ram usage:        5 bytes
 Hardware stack levels used:    1
 Hardware stack levels required when called:    1
 This function calls:
		Nothing
 This function is called by:
		_print_digit
		_print_number
 This function uses a non-reentrant model


 *************** function ___lwdiv *****************
 Defined at:
		line 8 in file "/opt/microchip/xc8/v1.45/sources/common/lwdiv.c"
 Parameters:    Size  Location     Type
  dividend        2   18[COMRAM] unsigned int 
  divisor         2   20[COMRAM] unsigned int 
 Auto vars:     Size  Location     Type
  quotient        2   22[COMRAM] unsigned int 
  counter         1   24[COMRAM] unsigned char 
 Return value:  Size  Location     Type
                  2   18[COMRAM] unsigned int 
 Registers used:
		wreg, status,2, status,0
 Tracked objects:
		On entry : 
		On exit  : 
		Unchanged: 
 Data sizes:     COMRAM   BANK0   BANK1   BANK2   BANK3   BANK4   BANK5
      Params:         4       0       0       0       0       0       0
      Locals:         3       0       0       0       0       0       0
      Temps:          0       0       0       0       0       0       0
      Totals:         7       0       0       0       0       0       0
Total ram usage:        7 bytes
 Hardware stack levels used:    1
 Hardware stack levels required when called:    1
 This function calls:
		Nothing
 This function is called by:
		_print_digit
 This function uses a non-reentrant model


 *************** function _init_aht20 *****************
 Defined at:
		line 499 in file "mane.c"
 Parameters:    Size  Location     Type
  ptr             2   32[COMRAM] PTR struct .
		 -> sensor(6), 
 Auto vars:     Size  Location     Type
		None
 Return value:  Size  Location     Type
                  1    wreg      void 
 Registers used:
		wreg, fsr2l, fsr2h, status,2, status,0, prodl, prodh, cstack
 Tracked objects:
		On entry : 
		On exit  : 
		Unchanged: 
 Data sizes:     COMRAM   BANK0   BANK1   BANK2   BANK3   BANK4   BANK5
      Params:         2       0       0       0       0       0       0
      Locals:         0       0       0       0       0       0       0
      Temps:          1       0       0       0       0       0       0
      Totals:         3       0       0       0       0       0       0
Total ram usage:        3 bytes
 Hardware stack levels used:    1
 Hardware stack levels required when called:    5
 This function calls:
		_aht20_status
		_i2c_write_device2
 This function is called by:
		_main
 This function uses a non-reentrant model


 *************** function _i2c_write_device2 *****************
 Defined at:
		line 443 in file "mane.c"
 Parameters:    Size  Location     Type
  len             1    wreg     unsigned char 
 Auto vars:     Size  Location     Type
  len             1   22[COMRAM] unsigned char 
  i               1   23[COMRAM] unsigned char 
 Return value:  Size  Location     Type
                  1    wreg      void 
 Registers used:
		wreg, fsr2l, fsr2h, status,2, status,0, prodl, prodh, cstack
 Tracked objects:
		On entry : 
		On exit  : 
		Unchanged: 
 Data sizes:     COMRAM   BANK0   BANK1   BANK2   BANK3   BANK4   BANK5
      Params:         0       0       0       0       0       0       0
      Locals:         2       0       0       0       0       0       0
      Temps:          0       0       0       0       0       0       0
      Totals:         2       0       0       0       0       0       0
Total ram usage:        2 bytes
 Hardware stack levels used:    1
 Hardware stack levels required when called:    3
 This function calls:
		_i2c_start
		_i2c_stop
		_i2c_write
 This function is called by:
		_read_aht20
		_init_aht20
 This function uses a non-reentrant model


 *************** function _aht20_status *****************
 Defined at:
		line 459 in file "mane.c"
 Parameters:    Size  Location     Type
		None
 Auto vars:     Size  Location     Type
		None
 Return value:  Size  Location     Type
                  1    wreg      unsigned char 
 Registers used:
		wreg, fsr2l, fsr2h, status,2, status,0, prodl, prodh, cstack
 Tracked objects:
		On entry : 
		On exit  : 
		Unchanged: 
 Data sizes:     COMRAM   BANK0   BANK1   BANK2   BANK3   BANK4   BANK5
      Params:         0       0       0       0       0       0       0
      Locals:         0       0       0       0       0       0       0
      Temps:          0       0       0       0       0       0       0
      Totals:         0       0       0       0       0       0       0
Total ram usage:        0 bytes
 Hardware stack levels used:    1
 Hardware stack levels required when called:    4
 This function calls:
		_i2c_read_device2
 This function is called by:
		_read_aht20
		_init_aht20
 This function uses a non-reentrant model


 *************** function _i2c_read_device2 *****************
 Defined at:
		line 413 in file "mane.c"
 Parameters:    Size  Location     Type
  bytes           1    wreg     unsigned char 
 Auto vars:     Size  Location     Type
  bytes           1   30[COMRAM] unsigned char 
  i               1   31[COMRAM] unsigned char 
 Return value:  Size  Location     Type
                  1    wreg      void 
 Registers used:
		wreg, fsr2l, fsr2h, status,2, status,0, prodl, prodh, cstack
 Tracked objects:
		On entry : 
		On exit  : 
		Unchanged: 
 Data sizes:     COMRAM   BANK0   BANK1   BANK2   BANK3   BANK4   BANK5
      Params:         0       0       0       0       0       0       0
      Locals:         2       0       0       0       0       0       0
      Temps:          0       0       0       0       0       0       0
      Totals:         2       0       0       0       0       0       0
Total ram usage:        2 bytes
 Hardware stack levels used:    1
 Hardware stack levels required when called:    3
 This function calls:
		_i2c_read
		_i2c_start
		_i2c_stop
		_i2c_write
 This function is called by:
		_aht20_status
		_read_aht20
 This function uses a non-reentrant model


 *************** function _i2c_write *****************
 Defined at:
		line 308 in file "mane.c"
 Parameters:    Size  Location     Type
  value           1    wreg     unsigned char 
 Auto vars:     Size  Location     Type
  value           1   20[COMRAM] unsigned char 
  i               1   21[COMRAM] unsigned char 
  ack             1   19[COMRAM] unsigned char 
 Return value:  Size  Location     Type
                  1    wreg      void 
 Registers used:
		wreg, status,2, status,0, cstack
 Tracked objects:
		On entry : 
		On exit  : 
		Unchanged: 
 Data sizes:     COMRAM   BANK0   BANK1   BANK2   BANK3   BANK4   BANK5
      Params:         0       0       0       0       0       0       0
      Locals:         3       0       0       0       0       0       0
      Temps:          0       0       0       0       0       0       0
      Totals:         3       0       0       0       0       0       0
Total ram usage:        3 bytes
 Hardware stack levels used:    1
 Hardware stack levels required when called:    2
 This function calls:
		_get_clock
		_get_data
		_set_clock
		_set_data
 This function is called by:
		_i2c_read_device2
		_i2c_write_device2
		_i2c_read_device
		_i2c_write_device
 This function uses a non-reentrant model


 *************** function _i2c_stop *****************
 Defined at:
		line 385 in file "mane.c"
 Parameters:    Size  Location     Type
		None
 Auto vars:     Size  Location     Type
		None
 Return value:  Size  Location     Type
                  1    wreg      void 
 Registers used:
		wreg, cstack
 Tracked objects:
		On entry : 
		On exit  : 
		Unchanged: 
 Data sizes:     COMRAM   BANK0   BANK1   BANK2   BANK3   BANK4   BANK5
      Params:         0       0       0       0       0       0       0
      Locals:         0       0       0       0       0       0       0
      Temps:          0       0       0       0       0       0       0
      Totals:         0       0       0       0       0       0       0
Total ram usage:        0 bytes
 Hardware stack levels used:    1
 Hardware stack levels required when called:    2
 This function calls:
		_set_clock
		_set_data
 This function is called by:
		_i2c_read_device2
		_i2c_write_device2
		_i2c_read_device
		_i2c_write_device
 This function uses a non-reentrant model


 *************** function _i2c_start *****************
 Defined at:
		line 377 in file "mane.c"
 Parameters:    Size  Location     Type
		None
 Auto vars:     Size  Location     Type
		None
 Return value:  Size  Location     Type
                  1    wreg      void 
 Registers used:
		wreg, cstack
 Tracked objects:
		On entry : 
		On exit  : 
		Unchanged: 
 Data sizes:     COMRAM   BANK0   BANK1   BANK2   BANK3   BANK4   BANK5
      Params:         0       0       0       0       0       0       0
      Locals:         0       0       0       0       0       0       0
      Temps:          0       0       0       0       0       0       0
      Totals:         0       0       0       0       0       0       0
Total ram usage:        0 bytes
 Hardware stack levels used:    1
 Hardware stack levels required when called:    2
 This function calls:
		_set_clock
		_set_data
 This function is called by:
		_i2c_read_device2
		_i2c_write_device2
		_i2c_read_device
		_i2c_write_device
 This function uses a non-reentrant model


 *************** function _i2c_read *****************
 Defined at:
		line 337 in file "mane.c"
 Parameters:    Size  Location     Type
  bytes           1    wreg     unsigned char 
 Auto vars:     Size  Location     Type
  bytes           1   27[COMRAM] unsigned char 
  value           1   26[COMRAM] unsigned char 
  i               1   29[COMRAM] unsigned char 
  j               1   28[COMRAM] unsigned char 
 Return value:  Size  Location     Type
                  1    wreg      void 
 Registers used:
		wreg, fsr2l, fsr2h, status,2, status,0, prodl, prodh, cstack
 Tracked objects:
		On entry : 
		On exit  : 
		Unchanged: 
 Data sizes:     COMRAM   BANK0   BANK1   BANK2   BANK3   BANK4   BANK5
      Params:         0       0       0       0       0       0       0
      Locals:         4       0       0       0       0       0       0
      Temps:          7       0       0       0       0       0       0
      Totals:        11       0       0       0       0       0       0
Total ram usage:       11 bytes
 Hardware stack levels used:    1
 Hardware stack levels required when called:    2
 This function calls:
		_get_clock
		_get_data
		_set_clock
		_set_data
 This function is called by:
		_i2c_read_device2
		_i2c_read_device
 This function uses a non-reentrant model


 *************** function _set_data *****************
 Defined at:
		line 286 in file "mane.c"
 Parameters:    Size  Location     Type
  value           1    wreg     unsigned char 
 Auto vars:     Size  Location     Type
  value           1   18[COMRAM] unsigned char 
 Return value:  Size  Location     Type
                  1    wreg      void 
 Registers used:
		wreg
 Tracked objects:
		On entry : 
		On exit  : 
		Unchanged: 
 Data sizes:     COMRAM   BANK0   BANK1   BANK2   BANK3   BANK4   BANK5
      Params:         0       0       0       0       0       0       0
      Locals:         1       0       0       0       0       0       0
      Temps:          0       0       0       0       0       0       0
      Totals:         1       0       0       0       0       0       0
Total ram usage:        1 bytes
 Hardware stack levels used:    1
 Hardware stack levels required when called:    1
 This function calls:
		Nothing
 This function is called by:
		_i2c_write
		_i2c_read
		_i2c_start
		_i2c_stop
 This function uses a non-reentrant model


 *************** function _set_clock *****************
 Defined at:
		line 292 in file "mane.c"
 Parameters:    Size  Location     Type
  value           1    wreg     unsigned char 
 Auto vars:     Size  Location     Type
  value           1   18[COMRAM] unsigned char 
 Return value:  Size  Location     Type
                  1    wreg      void 
 Registers used:
		wreg
 Tracked objects:
		On entry : 
		On exit  : 
		Unchanged: 
 Data sizes:     COMRAM   BANK0   BANK1   BANK2   BANK3   BANK4   BANK5
      Params:         0       0       0       0       0       0       0
      Locals:         1       0       0       0       0       0       0
      Temps:          0       0       0       0       0       0       0
      Totals:         1       0       0       0       0       0       0
Total ram usage:        1 bytes
 Hardware stack levels used:    1
 Hardware stack levels required when called:    1
 This function calls:
		Nothing
 This function is called by:
		_i2c_write
		_i2c_read
		_i2c_start
		_i2c_stop
 This function uses a non-reentrant model


 *************** function _get_data *****************
 Defined at:
		line 298 in file "mane.c"
 Parameters:    Size  Location     Type
		None
 Auto vars:     Size  Location     Type
		None
 Return value:  Size  Location     Type
                  1    wreg      unsigned char 
 Registers used:
		wreg
 Tracked objects:
		On entry : 
		On exit  : 
		Unchanged: 
 Data sizes:     COMRAM   BANK0   BANK1   BANK2   BANK3   BANK4   BANK5
      Params:         0       0       0       0       0       0       0
      Locals:         0       0       0       0       0       0       0
      Temps:          0       0       0       0       0       0       0
      Totals:         0       0       0       0       0       0       0
Total ram usage:        0 bytes
 Hardware stack levels used:    1
 Hardware stack levels required when called:    1
 This function calls:
		Nothing
 This function is called by:
		_i2c_write
		_i2c_read
 This function uses a non-reentrant model


 *************** function _get_clock *****************
 Defined at:
		line 303 in file "mane.c"
 Parameters:    Size  Location     Type
		None
 Auto vars:     Size  Location     Type
		None
 Return value:  Size  Location     Type
                  1    wreg      unsigned char 
 Registers used:
		wreg
 Tracked objects:
		On entry : 
		On exit  : 
		Unchanged: 
 Data sizes:     COMRAM   BANK0   BANK1   BANK2   BANK3   BANK4   BANK5
      Params:         0       0       0       0       0       0       0
      Locals:         0       0       0       0       0       0       0
      Temps:          0       0       0       0       0       0       0
      Totals:         0       0       0       0       0       0       0
Total ram usage:        0 bytes
 Hardware stack levels used:    1
 Hardware stack levels required when called:    1
 This function calls:
		Nothing
 This function is called by:
		_i2c_write
		_i2c_read
 This function uses a non-reentrant model


 *************** function _flush_uart *****************
 Defined at:
		line 192 in file "mane.c"
 Parameters:    Size  Location     Type
		None
 Auto vars:     Size  Location     Type
		None
 Return value:  Size  Location     Type
                  1    wreg      void 
 Registers used:
		wreg, fsr2l, fsr2h, status,2, status,0, prodl, prodh, cstack
 Tracked objects:
		On entry : 
		On exit  : 
		Unchanged: 
 Data sizes:     COMRAM   BANK0   BANK1   BANK2   BANK3   BANK4   BANK5
      Params:         0       0       0       0       0       0       0
      Locals:         0       0       0       0       0       0       0
      Temps:          0       0       0       0       0       0       0
      Totals:         0       0       0       0       0       0       0
Total ram usage:        0 bytes
 Hardware stack levels used:    1
 Hardware stack levels required when called:    2
 This function calls:
		_handle_uart
 This function is called by:
		_main
 This function uses a non-reentrant model


 *************** function _handle_uart *****************
 Defined at:
		line 177 in file "mane.c"
 Parameters:    Size  Location     Type
		None
 Auto vars:     Size  Location     Type
		None
 Return value:  Size  Location     Type
                  1    wreg      void 
 Registers used:
		wreg, fsr2l, fsr2h, status,2, status,0, prodl, prodh
 Tracked objects:
		On entry : 
		On exit  : 
		Unchanged: 
 Data sizes:     COMRAM   BANK0   BANK1   BANK2   BANK3   BANK4   BANK5
      Params:         0       0       0       0       0       0       0
      Locals:         0       0       0       0       0       0       0
      Temps:          0       0       0       0       0       0       0
      Totals:         0       0       0       0       0       0       0
Total ram usage:        0 bytes
 Hardware stack levels used:    1
 Hardware stack levels required when called:    1
 This function calls:
		Nothing
 This function is called by:
		_flush_uart
		_main
 This function uses a non-reentrant model


 *************** function _draw_value *****************
 Defined at:
		line 248 in file "mane.c"
 Parameters:    Size  Location     Type
		None
 Auto vars:     Size  Location     Type
  value           1   58[COMRAM] unsigned char 
 Return value:  Size  Location     Type
                  1    wreg      void 
 Registers used:
		wreg, status,2, status,0, tblptrl, tblptrh, tblptru, cstack
 Tracked objects:
		On entry : 
		On exit  : 
		Unchanged: 
 Data sizes:     COMRAM   BANK0   BANK1   BANK2   BANK3   BANK4   BANK5
      Params:         0       0       0       0       0       0       0
      Locals:         1       0       0       0       0       0       0
      Temps:          0       0       0       0       0       0       0
      Totals:         1       0       0       0       0       0       0
Total ram usage:        1 bytes
 Hardware stack levels used:    1
 Hardware stack levels required when called:    3
 This function calls:
		___awdiv
		___awmod
		___ftadd
		___fttol
 This function is called by:
		_main
 This function uses a non-reentrant model


 *************** function ___fttol *****************
 Defined at:
		line 44 in file "/opt/microchip/xc8/v1.45/sources/common/fttol.c"
 Parameters:    Size  Location     Type
  f1              3    9[BANK0 ] float 
 Auto vars:     Size  Location     Type
  lval            4   19[BANK0 ] unsigned long 
  exp1            1   23[BANK0 ] unsigned char 
  sign1           1   18[BANK0 ] unsigned char 
 Return value:  Size  Location     Type
                  4    9[BANK0 ] long 
 Registers used:
		wreg, status,2, status,0
 Tracked objects:
		On entry : 
		On exit  : 
		Unchanged: 
 Data sizes:     COMRAM   BANK0   BANK1   BANK2   BANK3   BANK4   BANK5
      Params:         0       4       0       0       0       0       0
      Locals:         0       6       0       0       0       0       0
      Temps:          0       5       0       0       0       0       0
      Totals:         0      15       0       0       0       0       0
Total ram usage:       15 bytes
 Hardware stack levels used:    1
 Hardware stack levels required when called:    1
 This function calls:
		Nothing
 This function is called by:
		_draw_value
		_main
 This function uses a non-reentrant model


 *************** function ___ftadd *****************
 Defined at:
		line 86 in file "/opt/microchip/xc8/v1.45/sources/common/ftadd.c"
 Parameters:    Size  Location     Type
  f1              3    0[BANK0 ] float 
  f2              3    3[BANK0 ] float 
 Auto vars:     Size  Location     Type
  exp1            1    8[BANK0 ] unsigned char 
  exp2            1    7[BANK0 ] unsigned char 
  sign            1    6[BANK0 ] unsigned char 
 Return value:  Size  Location     Type
                  3    0[BANK0 ] float 
 Registers used:
		wreg, status,2, status,0, cstack
 Tracked objects:
		On entry : 
		On exit  : 
		Unchanged: 
 Data sizes:     COMRAM   BANK0   BANK1   BANK2   BANK3   BANK4   BANK5
      Params:         0       6       0       0       0       0       0
      Locals:         0       3       0       0       0       0       0
      Temps:          3       0       0       0       0       0       0
      Totals:         3       9       0       0       0       0       0
Total ram usage:       12 bytes
 Hardware stack levels used:    1
 Hardware stack levels required when called:    2
 This function calls:
		___ftpack
 This function is called by:
		_draw_value
		_read_aht20
		_main
 This function uses a non-reentrant model


 *************** function ___ftpack *****************
 Defined at:
		line 62 in file "/opt/microchip/xc8/v1.45/sources/common/float.c"
 Parameters:    Size  Location     Type
  arg             3   18[COMRAM] unsigned um
  exp             1   21[COMRAM] unsigned char 
  sign            1   22[COMRAM] unsigned char 
 Auto vars:     Size  Location     Type
		None
 Return value:  Size  Location     Type
                  3   18[COMRAM] float 
 Registers used:
		wreg, status,2, status,0
 Tracked objects:
		On entry : 
		On exit  : 
		Unchanged: 
 Data sizes:     COMRAM   BANK0   BANK1   BANK2   BANK3   BANK4   BANK5
      Params:         5       0       0       0       0       0       0
      Locals:         0       0       0       0       0       0       0
      Temps:          3       0       0       0       0       0       0
      Totals:         8       0       0       0       0       0       0
Total ram usage:        8 bytes
 Hardware stack levels used:    1
 Hardware stack levels required when called:    1
 This function calls:
		Nothing
 This function is called by:
		___altoft
		___ftadd
		___ftdiv
 This function uses a non-reentrant model


 *************** function ___awmod *****************
 Defined at:
		line 8 in file "/opt/microchip/xc8/v1.45/sources/common/awmod.c"
 Parameters:    Size  Location     Type
  dividend        2   18[COMRAM] int 
  divisor         2   20[COMRAM] int 
 Auto vars:     Size  Location     Type
  sign            1   23[COMRAM] unsigned char 
  counter         1   22[COMRAM] unsigned char 
 Return value:  Size  Location     Type
                  2   18[COMRAM] int 
 Registers used:
		wreg, status,2, status,0
 Tracked objects:
		On entry : 
		On exit  : 
		Unchanged: 
 Data sizes:     COMRAM   BANK0   BANK1   BANK2   BANK3   BANK4   BANK5
      Params:         4       0       0       0       0       0       0
      Locals:         2       0       0       0       0       0       0
      Temps:          0       0       0       0       0       0       0
      Totals:         6       0       0       0       0       0       0
Total ram usage:        6 bytes
 Hardware stack levels used:    1
 Hardware stack levels required when called:    1
 This function calls:
		Nothing
 This function is called by:
		_draw_value
 This function uses a non-reentrant model


 *************** function ___awdiv *****************
 Defined at:
		line 8 in file "/opt/microchip/xc8/v1.45/sources/common/awdiv.c"
 Parameters:    Size  Location     Type
  dividend        2   18[COMRAM] int 
  divisor         2   20[COMRAM] int 
 Auto vars:     Size  Location     Type
  quotient        2   24[COMRAM] int 
  sign            1   23[COMRAM] unsigned char 
  counter         1   22[COMRAM] unsigned char 
 Return value:  Size  Location     Type
                  2   18[COMRAM] int 
 Registers used:
		wreg, status,2, status,0
 Tracked objects:
		On entry : 
		On exit  : 
		Unchanged: 
 Data sizes:     COMRAM   BANK0   BANK1   BANK2   BANK3   BANK4   BANK5
      Params:         4       0       0       0       0       0       0
      Locals:         4       0       0       0       0       0       0
      Temps:          0       0       0       0       0       0       0
      Totals:         8       0       0       0       0       0       0
Total ram usage:        8 bytes
 Hardware stack levels used:    1
 Hardware stack levels required when called:    1
 This function calls:
		Nothing
 This function is called by:
		_draw_value
 This function uses a non-reentrant model


 *************** function _isr *****************
 Defined at:
		line 579 in file "mane.c"
 Parameters:    Size  Location     Type
		None
 Auto vars:     Size  Location     Type
		None
 Return value:  Size  Location     Type
                  1    wreg      void 
 Registers used:
		status,2, status,0
 Tracked objects:
		On entry : 
		On exit  : 
		Unchanged: 
 Data sizes:     COMRAM   BANK0   BANK1   BANK2   BANK3   BANK4   BANK5
      Params:         0       0       0       0       0       0       0
      Locals:         0       0       0       0       0       0       0
      Temps:         18       0       0       0       0       0       0
      Totals:        18       0       0       0       0       0       0
Total ram usage:       18 bytes
 Hardware stack levels used:    1
 This function calls:
		Nothing
 This function is called by:
		Interrupt level 2
 This function uses a non-reentrant model



MODULE INFORMATION

Module		Function		Class		Link	Load	Size
/opt/microchip/xc8/v1.45/sources/common/Umul32.c
		___lmul        		CODE           	10EA	0000	87

/opt/microchip/xc8/v1.45/sources/common/Umul32.c estimated size: 87

/opt/microchip/xc8/v1.45/sources/common/float.c
		___ftpack      		CODE           	0D9C	0000	175

/opt/microchip/xc8/v1.45/sources/common/float.c estimated size: 175

/opt/microchip/xc8/v1.45/sources/common/altoft.c
		___altoft      		CODE           	1002	0000	121

/opt/microchip/xc8/v1.45/sources/common/altoft.c estimated size: 121

/opt/microchip/xc8/v1.45/sources/common/lwmod.c
		___lwmod       		CODE           	123E	0000	67

/opt/microchip/xc8/v1.45/sources/common/lwmod.c estimated size: 67

/opt/microchip/xc8/v1.45/sources/common/awmod.c
		___awmod       		CODE           	107A	0000	113

/opt/microchip/xc8/v1.45/sources/common/awmod.c estimated size: 113

/opt/microchip/xc8/v1.45/sources/common/ftdiv.c
		___ftdiv       		CODE           	0CB6	0000	231

/opt/microchip/xc8/v1.45/sources/common/ftdiv.c estimated size: 231

mane.c
		_set_data      		CODE           	13CC	0000	35
		_get_clock     		CODE           	1458	0000	13
		_print_number  		CODE           	0EF6	0000	137
		_i2c_start     		CODE           	1410	0000	27
		_send_uart     		CODE           	1324	0000	45
		_print_text    		CODE           	137A	0000	43
		_print_digit   		CODE           	1140	0000	87
		_set_clock     		CODE           	13EE	0000	35
		_i2c_write_device2		CODE           	12BC	0000	57
		_main          		CODE           	09AC	0000	269
		_handle_uart   		CODE           	12F4	0000	49
		_init_aht20    		CODE           	13A4	0000	41
		_flush_uart    		CODE           	143E	0000	15
		_read_aht20    		CODE           	0820	0000	397
		_isr           		CODE           	0008	0000	169
		_i2c_read_device2		CODE           	1280	0000	61
		_i2c_write     		CODE           	1196	0000	87
		_draw_value    		CODE           	0AB8	0000	263
		_i2c_stop      		CODE           	142A	0000	21
		_aht20_status  		CODE           	1464	0000	11
		_i2c_read      		CODE           	0E4A	0000	173
		_get_data      		CODE           	144C	0000	13

mane.c estimated size: 2048

shared
		_led_masks1    		SMALLCONST     	0615	0000	21
		_led_masks2    		SMALLCONST     	0601	0000	21
		__initialization		CODE           	1350	0000	25

shared estimated size: 67

/opt/microchip/xc8/v1.45/sources/common/fttol.c
		___fttol       		CODE           	0BBE	0000	249

/opt/microchip/xc8/v1.45/sources/common/fttol.c estimated size: 249

/opt/microchip/xc8/v1.45/sources/common/lwdiv.c
		___lwdiv       		CODE           	11EC	0000	83

/opt/microchip/xc8/v1.45/sources/common/lwdiv.c estimated size: 83

/opt/microchip/xc8/v1.45/sources/common/awdiv.c
		___awdiv       		CODE           	0F7E	0000	133

/opt/microchip/xc8/v1.45/sources/common/awdiv.c estimated size: 133

/opt/microchip/xc8/v1.45/sources/common/ftadd.c
		___ftadd       		CODE           	0672	0000	431

/opt/microchip/xc8/v1.45/sources/common/ftadd.c estimated size: 431

