Microchip MPLAB XC8 Compiler V1.45 ()

Linker command line:

-W-3 --edf=/opt/microchip/xc8/v1.45/dat/en_msgs.txt -cs \
  -h+dist/default/production/temp_sensor.X.production.sym \
  --cmf=dist/default/production/temp_sensor.X.production.cmf -z -Q18F14K50 \
  -o/tmp/xcXi75F1t -Mdist/default/production/temp_sensor.X.production.map \
  -E1 -ver=XC8 -ASTACK=0CCh-02ffh -pstack=STACK -ACODE=00h-03FFFh \
  -ACONST=00h-03FFFh -ASMALLCONST=0300h-03FFhx61 -AMEDIUMCONST=0300h-03FFFh \
  -ACOMRAM=01h-05Fh -AABS1=00h-02FFh -ABIGRAM=01h-02FFh \
  -ARAM=060h-0FFh,0100h-01FFhx2 -ABANK0=060h-0FFh -ABANK1=0100h-01FFh \
  -ABANK2=0200h-02FFh -ASFR=0F53h-0F5Fh,0F60h-0FFFh \
  -preset_vec=00h,intcode,intcodelo,powerup,init -pramtop=0300h \
  -psmallconst=SMALLCONST -pmediumconst=MEDIUMCONST -pconst=CONST \
  -AFARRAM=00h-00h -ACONFIG=0300000h-030000Dh -pconfig=CONFIG \
  -AIDLOC=0200000h-0200007h -pidloc=IDLOC -AEEDATA=0F00000h-0F000FFh \
  -peeprom_data=EEDATA \
  -prdata=COMRAM,nvrram=COMRAM,nvbit=COMRAM,rbss=COMRAM,rbit=COMRAM \
  -pfarbss=FARRAM,fardata=FARRAM,nvFARRAM=FARRAM \
  -pintsave_regs=BIGRAM,bigbss=BIGRAM,bigdata=BIGRAM -pbss=RAM \
  -pidata=CODE,irdata=CODE,ibigdata=CODE,ifardata=CODE -prparam=COMRAM \
  /tmp/xcXtWOGWZ.obj dist/default/production/temp_sensor.X.production.obj 

Object code version is 3.11

Machine type is 18F14K50

Call graph: (short form)




                Name                               Link     Load   Length Selector   Space Scale
/tmp/xcXtWOGWZ.obj
                init                                  0        0        4        0       0
                idloc                            200000   200000        8   200000       0
                config                           300000   300000        E   300000       0
dist/default/production/temp_sensor.X.production.obj
                text2                              3E4E     3E4E       3C     1F27       0
                text1                              3F4A     3F4A       B6     1FA5       0
                text0                              3E8A     3E8A       54     1F45       0
                cstackCOMRAM                         13       13        4        1       1
                dataBANK0                            60       60       6C       60       1
                bssCOMRAM                             1        1       12        1       1
                cinit                              3E18     3E18       36     1F0C       0
                nvCOMRAM                             17       17        2        1       1
                idataBANK0                         3EDE     3EDE       6C     3EDE       0

TOTAL           Name                               Link     Load   Length     Space
        CLASS   STACK          

        CLASS   CODE           
                init                                  0        0        4         0
                text2                              3E4E     3E4E       3C         0
                text1                              3F4A     3F4A       B6         0
                text0                              3E8A     3E8A       54         0
                cinit                              3E18     3E18       36         0
                idataBANK0                         3EDE     3EDE       6C         0

        CLASS   CONST          

        CLASS   SMALLCONST     

        CLASS   MEDIUMCONST    

        CLASS   COMRAM         
                cstackCOMRAM                         13       13        4         1
                bssCOMRAM                             1        1       12         1
                nvCOMRAM                             17       17        2         1

        CLASS   ABS1           

        CLASS   BIGRAM         

        CLASS   RAM            

        CLASS   BANK0          
                dataBANK0                            60       60       6C         1

        CLASS   BANK1          

        CLASS   BANK2          

        CLASS   SFR            

        CLASS   FARRAM         

        CLASS   CONFIG         
                config                           300000   300000        E         0

        CLASS   IDLOC          
                idloc                            200000   200000        8         0

        CLASS   EEDATA         



SEGMENTS        Name                           Load    Length   Top    Selector   Space  Class

                reset_vec                      000000  000004  000004         0       0  CODE    
                bssCOMRAM                      000001  000018  000019         1       1  COMRAM  
                dataBANK0                      000060  00006C  0000CC        60       1  BANK0   
                cinit                          003E18  000036  003E4E      1F0C       0  CODE    
                text2                          003E4E  00003C  003E8A      1F27       0  CODE    
                text0                          003E8A  000054  003EDE      1F45       0  CODE    
                idataBANK0                     003EDE  00006C  003F4A      3EDE       0  CODE    
                text1                          003F4A  0000B6  004000      1FA5       0  CODE    
                idloc                          200000  000008  200008    200000       0  IDLOC   
                config                         300000  00000E  30000E    300000       0  CONFIG  


UNUSED ADDRESS RANGES

        Name                Unused          Largest block    Delta
        BANK0            0000CC-0000FF               34
        BANK1            000100-0001FF              100
        BANK2            000200-0002FF              100
        BIGRAM           000019-00005F               47
                         0000CC-0002FF              234
        CODE             000004-003E17             3E14
        COMRAM           000019-00005F               47
        CONST            000004-003E17             3E14
        EEDATA           F00000-F000FF              100
        MEDIUMCONST      000300-003E17             3B18
        RAM              0000CC-0002FF              100
        SFR              000F53-000FFF                D
        SMALLCONST       000300-003E17              100
        STACK            0000CC-0002FF              234

                                  Symbol Table

_ANSEL                   (abs)        000F7E
_ANSELH                  (abs)        000F7F
_INTCONbits              (abs)        000FF2
_LATCbits                (abs)        000F8B
_OSCCON                  (abs)        000FD3
_T0CON                   (abs)        000FD5
_TMR0                    (abs)        000FD6
_TRISCbits               (abs)        000F94
__CFG_BOREN$SBORDIS      (abs)        000000
__CFG_BORV$22            (abs)        000000
__CFG_FOSC$IRC           (abs)        000000
__CFG_HFOFST$OFF         (abs)        000000
__CFG_LVP$OFF            (abs)        000000
__CFG_PLLEN$OFF          (abs)        000000
__CFG_PWRTEN$OFF         (abs)        000000
__CFG_WDTEN$ON           (abs)        000000
__CFG_WDTPS$32768        (abs)        000000
__HRAM                   (abs)        000000
__Habs1                  abs1         000000
__Hbank0                 bank0        000000
__Hbank1                 bank1        000000
__Hbank2                 bank2        000000
__Hbigbss                bigbss       000000
__Hbigdata               bigdata      000000
__Hbigram                bigram       000000
__Hbss                   bss          000000
__HbssCOMRAM             bssCOMRAM    000000
__Hcinit                 cinit        000000
__Hclrtext               clrtext      000000
__Hcomram                comram       000000
__Hconfig                config       30000E
__Hconst                 const        000000
__HcstackCOMRAM          cstackCOMRAM 000000
__Hdata                  data         000000
__HdataBANK0             dataBANK0    000000
__Heeprom_data           eeprom_data  000000
__Hfarbss                farbss       000000
__Hfardata               fardata      000000
__Hibigdata              ibigdata     000000
__Hidata                 idata        000000
__HidataBANK0            idataBANK0   000000
__Hidloc                 idloc        200008
__Hifardata              ifardata     000000
__Hinit                  init         000004
__Hintcode               intcode      000000
__Hintcode_body          intcode_body 000000
__Hintcodelo             intcodelo    000000
__Hintentry              intentry     000000
__Hintret                intret       000000
__Hintsave_regs          intsave_regs 000000
__Hirdata                irdata       000000
__Hmediumconst           mediumconst  000000
__HnvCOMRAM              nvCOMRAM     000000
__HnvFARRAM              nvFARRAM     000000
__Hnvbit                 nvbit        000000
__Hnvrram                nvrram       000000
__Hparam                 rparam       000000
__Hpowerup               powerup      000000
__Hram                   ram          000000
__Hramtop                ramtop       000300
__Hrbit                  rbit         000000
__Hrbss                  rbss         000000
__Hrdata                 rdata        000000
__Hreset_vec             reset_vec    000000
__Hrparam                rparam       000000
__Hsfr                   sfr          000000
__Hsmallconst            smallconst   000000
__Hspace_0               (abs)        30000E
__Hspace_1               (abs)        0000CC
__Hspace_2               (abs)        000000
__Hstack                 stack        000000
__Hstruct                struct       000000
__Htemp                  temp         000000
__Htext                  text         000000
__Htext0                 text0        000000
__Htext1                 text1        000000
__Htext2                 text2        000000
__LRAM                   (abs)        000001
__Labs1                  abs1         000000
__Lbank0                 bank0        000000
__Lbank1                 bank1        000000
__Lbank2                 bank2        000000
__Lbigbss                bigbss       000000
__Lbigdata               bigdata      000000
__Lbigram                bigram       000000
__Lbss                   bss          000000
__LbssCOMRAM             bssCOMRAM    000000
__Lcinit                 cinit        000000
__Lclrtext               clrtext      000000
__Lcomram                comram       000000
__Lconfig                config       300000
__Lconst                 const        000000
__LcstackCOMRAM          cstackCOMRAM 000000
__Ldata                  data         000000
__LdataBANK0             dataBANK0    000000
__Leeprom_data           eeprom_data  000000
__Lfarbss                farbss       000000
__Lfardata               fardata      000000
__Libigdata              ibigdata     000000
__Lidata                 idata        000000
__LidataBANK0            idataBANK0   000000
__Lidloc                 idloc        200000
__Lifardata              ifardata     000000
__Linit                  init         000000
__Lintcode               intcode      000000
__Lintcode_body          intcode_body 000000
__Lintcodelo             intcodelo    000000
__Lintentry              intentry     000000
__Lintret                intret       000000
__Lintsave_regs          intsave_regs 000000
__Lirdata                irdata       000000
__Lmediumconst           mediumconst  000000
__LnvCOMRAM              nvCOMRAM     000000
__LnvFARRAM              nvFARRAM     000000
__Lnvbit                 nvbit        000000
__Lnvrram                nvrram       000000
__Lparam                 rparam       000000
__Lpowerup               powerup      000000
__Lram                   ram          000000
__Lramtop                ramtop       000300
__Lrbit                  rbit         000000
__Lrbss                  rbss         000000
__Lrdata                 rdata        000000
__Lreset_vec             reset_vec    000000
__Lrparam                rparam       000000
__Lsfr                   sfr          000000
__Lsmallconst            smallconst   000000
__Lspace_0               (abs)        000000
__Lspace_1               (abs)        000000
__Lspace_2               (abs)        000000
__Lstack                 stack        000000
__Lstruct                struct       000000
__Ltemp                  temp         000000
__Ltext                  text         000000
__Ltext0                 text0        000000
__Ltext1                 text1        000000
__Ltext2                 text2        000000
__S0                     (abs)        30000E
__S1                     (abs)        0000CC
__S2                     (abs)        000000
___inthi_sp              stack        000000
___intlo_sp              stack        000000
___param_bank            (abs)        000000
___rparam_used           (abs)        000001
___sp                    stack        000000
__accesstop              (abs)        000060
__activetblptr           (abs)        000002
__end_of__initialization cinit        003E44
__end_of_main            text0        003EDE
__end_of_radio_on        text1        004000
__end_of_write_radio     text2        003E8A
__initialization         cinit        003E18
__mediumconst            mediumconst  000000
__pbssCOMRAM             bssCOMRAM    000001
__pcinit                 cinit        003E18
__pcstackCOMRAM          cstackCOMRAM 000013
__pdataBANK0             dataBANK0    000060
__pidataBANK0            idataBANK0   003EDE
__pnvCOMRAM              nvCOMRAM     000017
__ptext0                 text0        003E8A
__ptext1                 text1        003F4A
__ptext2                 text2        003E4E
__ramtop                 ramtop       000300
__size_of_main           (abs)        000000
__size_of_radio_on       (abs)        000000
__size_of_write_radio    (abs)        000000
__smallconst             smallconst   000000
_adc_count               bssCOMRAM    000001
_degrees                 nvCOMRAM     000018
_flags                   bssCOMRAM    000012
_main                    text0        003E8A
_mane_counter            bssCOMRAM    00000F
_radio_on                text1        003F4A
_serial_c                bssCOMRAM    000011
_serial_function         bssCOMRAM    00000D
_t_accum                 bssCOMRAM    000009
_temp_table              dataBANK0    000060
_v_accum                 bssCOMRAM    000005
_volts                   nvCOMRAM     000017
_write_radio             text2        003E4E
end_of_initialization    cinit        003E44
intlevel0                text         000000
intlevel1                text         000000
intlevel2                text         000000
intlevel3                text         000000
stackhi                  (abs)        0002FF
stacklo                  (abs)        0000CC
start                    init         000000
start_initialization     cinit        003E18
write_radio@data         cstackCOMRAM 000013
write_radio@i            cstackCOMRAM 000016


FUNCTION INFORMATION:

 *************** function _main *****************
 Defined at:
		line 489 in file "mane.c"
 Parameters:    Size  Location     Type
		None
 Auto vars:     Size  Location     Type
		None
 Return value:  Size  Location     Type
                  1    wreg      void 
 Registers used:
		wreg, status,2, status,0, cstack
 Tracked objects:
		On entry : 
		On exit  : 
		Unchanged: 
 Data sizes:     COMRAM   BANK0   BANK1   BANK2
      Params:         0       0       0       0
      Locals:         0       0       0       0
      Temps:          0       0       0       0
      Totals:         0       0       0       0
Total ram usage:        0 bytes
 Hardware stack levels required when called:    2
 This function calls:
		_radio_on
 This function is called by:
		Startup code after reset
 This function uses a non-reentrant model


 *************** function _radio_on *****************
 Defined at:
		line 325 in file "mane.c"
 Parameters:    Size  Location     Type
		None
 Auto vars:     Size  Location     Type
		None
 Return value:  Size  Location     Type
                  1    wreg      void 
 Registers used:
		wreg, status,2, status,0, cstack
 Tracked objects:
		On entry : 
		On exit  : 
		Unchanged: 
 Data sizes:     COMRAM   BANK0   BANK1   BANK2
      Params:         0       0       0       0
      Locals:         0       0       0       0
      Temps:          0       0       0       0
      Totals:         0       0       0       0
Total ram usage:        0 bytes
 Hardware stack levels used:    1
 Hardware stack levels required when called:    1
 This function calls:
		_write_radio
 This function is called by:
		_main
 This function uses a non-reentrant model


 *************** function _write_radio *****************
 Defined at:
		line 309 in file "mane.c"
 Parameters:    Size  Location     Type
  data            2    0[COMRAM] unsigned int 
 Auto vars:     Size  Location     Type
  i               1    3[COMRAM] unsigned char 
 Return value:  Size  Location     Type
                  1    wreg      void 
 Registers used:
		wreg, status,2, status,0
 Tracked objects:
		On entry : 
		On exit  : 
		Unchanged: 
 Data sizes:     COMRAM   BANK0   BANK1   BANK2
      Params:         2       0       0       0
      Locals:         1       0       0       0
      Temps:          1       0       0       0
      Totals:         4       0       0       0
Total ram usage:        4 bytes
 Hardware stack levels used:    1
 This function calls:
		Nothing
 This function is called by:
		_radio_on
 This function uses a non-reentrant model



MODULE INFORMATION

Module		Function		Class		Link	Load	Size
mane.c
		_main          		CODE           	3E8A	0000	85
		_write_radio   		CODE           	3E4E	0000	61
		_radio_on      		CODE           	3F4A	0000	183

mane.c estimated size: 329

shared
		__initialization		CODE           	3E18	0000	45

shared estimated size: 45

